Component: ARM Compiler 5.06 update 6 (build 750) Tool: armlink [4d35ed]

==============================================================================

Section Cross References

    startup_stm32f407xx.o(RESET) refers to startup_stm32f407xx.o(STACK) for __initial_sp
    startup_stm32f407xx.o(RESET) refers to startup_stm32f407xx.o(.text) for Reset_Handler
    startup_stm32f407xx.o(RESET) refers to stm32f4xx_it.o(i.NMI_Handler) for NMI_Handler
    startup_stm32f407xx.o(RESET) refers to stm32f4xx_it.o(i.HardFault_Handler) for HardFault_Handler
    startup_stm32f407xx.o(RESET) refers to stm32f4xx_it.o(i.MemManage_Handler) for MemManage_Handler
    startup_stm32f407xx.o(RESET) refers to stm32f4xx_it.o(i.BusFault_Handler) for BusFault_Handler
    startup_stm32f407xx.o(RESET) refers to stm32f4xx_it.o(i.UsageFault_Handler) for UsageFault_Handler
    startup_stm32f407xx.o(RESET) refers to port.o(.emb_text) for SVC_Handler
    startup_stm32f407xx.o(RESET) refers to stm32f4xx_it.o(i.DebugMon_Handler) for DebugMon_Handler
    startup_stm32f407xx.o(RESET) refers to port.o(i.SysTick_Handler) for SysTick_Handler
    startup_stm32f407xx.o(RESET) refers to stm32f4xx_it.o(i.DMA1_Stream0_IRQHandler) for DMA1_Stream0_IRQHandler
    startup_stm32f407xx.o(RESET) refers to stm32f4xx_it.o(i.DMA1_Stream2_IRQHandler) for DMA1_Stream2_IRQHandler
    startup_stm32f407xx.o(RESET) refers to stm32f4xx_it.o(i.DMA1_Stream5_IRQHandler) for DMA1_Stream5_IRQHandler
    startup_stm32f407xx.o(RESET) refers to stm32f4xx_it.o(i.USART2_IRQHandler) for USART2_IRQHandler
    startup_stm32f407xx.o(RESET) refers to stm32f4xx_it.o(i.UART4_IRQHandler) for UART4_IRQHandler
    startup_stm32f407xx.o(RESET) refers to stm32f4xx_it.o(i.UART5_IRQHandler) for UART5_IRQHandler
    startup_stm32f407xx.o(RESET) refers to stm32f4xx_it.o(i.TIM7_IRQHandler) for TIM7_IRQHandler
    startup_stm32f407xx.o(.text) refers to system_stm32f4xx.o(i.SystemInit) for SystemInit
    startup_stm32f407xx.o(.text) refers to entry.o(.ARM.Collect$$$$00000000) for __main
    main.o(i.HAL_TIM_PeriodElapsedCallback) refers to stm32f4xx_hal.o(i.HAL_IncTick) for HAL_IncTick
    main.o(i.SystemClock_Config) refers to memseta.o(.text) for __aeabi_memclr4
    main.o(i.SystemClock_Config) refers to stm32f4xx_hal_rcc.o(i.HAL_RCC_OscConfig) for HAL_RCC_OscConfig
    main.o(i.SystemClock_Config) refers to stm32f4xx_hal_rcc.o(i.HAL_RCC_ClockConfig) for HAL_RCC_ClockConfig
    main.o(i.main) refers to stm32f4xx_hal.o(i.HAL_Init) for HAL_Init
    main.o(i.main) refers to main.o(i.SystemClock_Config) for SystemClock_Config
    main.o(i.main) refers to gpio.o(i.MX_GPIO_Init) for MX_GPIO_Init
    main.o(i.main) refers to dma.o(i.MX_DMA_Init) for MX_DMA_Init
    main.o(i.main) refers to tim.o(i.MX_TIM1_Init) for MX_TIM1_Init
    main.o(i.main) refers to tim.o(i.MX_TIM3_Init) for MX_TIM3_Init
    main.o(i.main) refers to tim.o(i.MX_TIM4_Init) for MX_TIM4_Init
    main.o(i.main) refers to tim.o(i.MX_TIM2_Init) for MX_TIM2_Init
    main.o(i.main) refers to usart.o(i.MX_USART1_UART_Init) for MX_USART1_UART_Init
    main.o(i.main) refers to usart.o(i.MX_USART2_UART_Init) for MX_USART2_UART_Init
    main.o(i.main) refers to usart.o(i.MX_UART4_Init) for MX_UART4_Init
    main.o(i.main) refers to usart.o(i.MX_UART5_Init) for MX_UART5_Init
    main.o(i.main) refers to spi.o(i.MX_SPI1_Init) for MX_SPI1_Init
    main.o(i.main) refers to pwm.o(i.pwm_init) for pwm_init
    main.o(i.main) refers to ms5803.o(i.MS5803aInit) for MS5803aInit
    main.o(i.main) refers to board.o(i.BSP_Init) for BSP_Init
    main.o(i.main) refers to iwdg.o(i.MX_IWDG_Init) for MX_IWDG_Init
    main.o(i.main) refers to freertos.o(i.MX_FREERTOS_Init) for MX_FREERTOS_Init
    main.o(i.main) refers to cmsis_os.o(i.osKernelStart) for osKernelStart
    gpio.o(i.MX_GPIO_Init) refers to memseta.o(.text) for __aeabi_memclr4
    gpio.o(i.MX_GPIO_Init) refers to stm32f4xx_hal_gpio.o(i.HAL_GPIO_WritePin) for HAL_GPIO_WritePin
    gpio.o(i.MX_GPIO_Init) refers to stm32f4xx_hal_gpio.o(i.HAL_GPIO_Init) for HAL_GPIO_Init
    freertos.o(i.ControlTask_Function) refers to cmsis_os.o(i.osDelay) for osDelay
    freertos.o(i.ImuTask_Function) refers to cmsis_os.o(i.osDelay) for osDelay
    freertos.o(i.LedTask_Function) refers to cmsis_os.o(i.osDelay) for osDelay
    freertos.o(i.MX_FREERTOS_Init) refers to board.o(i.Task_Queue_Semaphore_Timers_Create) for Task_Queue_Semaphore_Timers_Create
    freertos.o(i.MX_FREERTOS_Init) refers to memcpya.o(.text) for __aeabi_memcpy4
    freertos.o(i.MX_FREERTOS_Init) refers to cmsis_os.o(i.osThreadCreate) for osThreadCreate
    freertos.o(i.MX_FREERTOS_Init) refers to freertos.o(.constdata) for .constdata
    freertos.o(i.MX_FREERTOS_Init) refers to freertos.o(.data) for .data
    freertos.o(i.MessageTask_Function) refers to cmsis_os.o(i.osDelay) for osDelay
    freertos.o(i.PressureTask_Function) refers to cmsis_os.o(i.osDelay) for osDelay
[...]
    i.vPortFree                              0x08005e0c   Section        0  heap_4.o(i.vPortFree)
    i.vPortSetupTimerInterrupt               0x08005e68   Section        0  port.o(i.vPortSetupTimerInterrupt)
    i.vPortValidateInterruptPriority         0x08005e8c   Section        0  port.o(i.vPortValidateInterruptPriority)
    i.vTaskDelay                             0x08005ee0   Section        0  tasks.o(i.vTaskDelay)
    i.vTaskDelayUntil                        0x08005f2c   Section        0  tasks.o(i.vTaskDelayUntil)
    i.vTaskInternalSetTimeOutState           0x08005fb8   Section        0  tasks.o(i.vTaskInternalSetTimeOutState)
    i.vTaskMissedYield                       0x08005fc8   Section        0  tasks.o(i.vTaskMissedYield)
    i.vTaskPlaceOnEventList                  0x08005fd4   Section        0  tasks.o(i.vTaskPlaceOnEventList)
    i.vTaskStartScheduler                    0x08006004   Section        0  tasks.o(i.vTaskStartScheduler)
    i.vTaskSuspendAll                        0x08006070   Section        0  tasks.o(i.vTaskSuspendAll)
    i.vTaskSwitchContext                     0x08006080   Section        0  tasks.o(i.vTaskSwitchContext)
    i.xPortStartScheduler                    0x080060dc   Section        0  port.o(i.xPortStartScheduler)
    i.xQueueGenericCreate                    0x080061d0   Section        0  queue.o(i.xQueueGenericCreate)
    i.xQueueGenericReset                     0x08006218   Section        0  queue.o(i.xQueueGenericReset)
    i.xQueueGenericSend                      0x080062a0   Section        0  queue.o(i.xQueueGenericSend)
    i.xQueueGenericSendFromISR               0x08006400   Section        0  queue.o(i.xQueueGenericSendFromISR)
    i.xQueuePeek                             0x080064bc   Section        0  queue.o(i.xQueuePeek)
    i.xQueueReceive                          0x080065f0   Section        0  queue.o(i.xQueueReceive)
    i.xTaskCheckForTimeOut                   0x08006728   Section        0  tasks.o(i.xTaskCheckForTimeOut)
    i.xTaskCreate                            0x0800679c   Section        0  tasks.o(i.xTaskCreate)
    i.xTaskCreateStatic                      0x080067f6   Section        0  tasks.o(i.xTaskCreateStatic)
    i.xTaskGetSchedulerState                 0x0800684c   Section        0  tasks.o(i.xTaskGetSchedulerState)
    i.xTaskGetTickCount                      0x08006868   Section        0  tasks.o(i.xTaskGetTickCount)
    i.xTaskIncrementTick                     0x08006874   Section        0  tasks.o(i.xTaskIncrementTick)
    i.xTaskPriorityDisinherit                0x0800693c   Section        0  tasks.o(i.xTaskPriorityDisinherit)
    i.xTaskRemoveFromEventList               0x080069d4   Section        0  tasks.o(i.xTaskRemoveFromEventList)
    i.xTaskResumeAll                         0x08006a48   Section        0  tasks.o(i.xTaskResumeAll)
    .constdata                               0x08006b0c   Section      140  freertos.o(.constdata)
    .constdata                               0x08006b98   Section        8  stm32f4xx_hal_dma.o(.constdata)
    flagBitshiftOffset                       0x08006b98   Data           8  stm32f4xx_hal_dma.o(.constdata)
    .constdata                               0x08006ba0   Section       16  system_stm32f4xx.o(.constdata)
    .constdata                               0x08006bb0   Section        8  system_stm32f4xx.o(.constdata)
    .constdata                               0x08006bb8   Section      136  pow.o(.constdata)
    bp                                       0x08006bb8   Data          16  pow.o(.constdata)
    dp_h                                     0x08006bc8   Data          16  pow.o(.constdata)
    dp_l                                     0x08006bd8   Data          16  pow.o(.constdata)
    L                                        0x08006be8   Data          48  pow.o(.constdata)
    P                                        0x08006c18   Data          40  pow.o(.constdata)
    .constdata                               0x08006c40   Section        8  qnan.o(.constdata)
    .conststring                             0x08006c48   Section       60  freertos.o(.conststring)
    .data                                    0x20000000   Section       20  freertos.o(.data)
    .data                                    0x20000014   Section       12  stm32f4xx_hal.o(.data)
    .data                                    0x20000020   Section        4  system_stm32f4xx.o(.data)
    .data                                    0x20000024   Section       60  tasks.o(.data)
    pxDelayedTaskList                        0x20000028   Data           4  tasks.o(.data)
    pxOverflowDelayedTaskList                0x2000002c   Data           4  tasks.o(.data)
    uxDeletedTasksWaitingCleanUp             0x20000030   Data           4  tasks.o(.data)
    uxCurrentNumberOfTasks                   0x20000034   Data           4  tasks.o(.data)
    xTickCount                               0x20000038   Data           4  tasks.o(.data)
    uxTopReadyPriority                       0x2000003c   Data           4  tasks.o(.data)
    xSchedulerRunning                        0x20000040   Data           4  tasks.o(.data)
    uxPendedTicks                            0x20000044   Data           4  tasks.o(.data)
    xYieldPending                            0x20000048   Data           4  tasks.o(.data)
    xNumOfOverflows                          0x2000004c   Data           4  tasks.o(.data)
    uxTaskNumber                             0x20000050   Data           4  tasks.o(.data)
    xNextTaskUnblockTime                     0x20000054   Data           4  tasks.o(.data)
    xIdleTaskHandle                          0x20000058   Data           4  tasks.o(.data)
    uxSchedulerSuspended                     0x2000005c   Data           4  tasks.o(.data)
    .data                                    0x20000060   Section       24  heap_4.o(.data)
    pxEnd                                    0x20000060   Data           4  heap_4.o(.data)
    xFreeBytesRemaining                      0x20000064   Data           4  heap_4.o(.data)
    xMinimumEverFreeBytesRemaining           0x20000068   Data           4  heap_4.o(.data)
    xBlockAllocatedBit                       0x2000006c   Data           4  heap_4.o(.data)
    xStart                                   0x20000070   Data           8  heap_4.o(.data)
    .data                                    0x20000078   Section       12  port.o(.data)
    ucMaxSysCallPriority                     0x20000078   Data           1  port.o(.data)
    uxCriticalNesting                        0x2000007c   Data           4  port.o(.data)
    ulMaxPRIGROUPValue                       0x20000080   Data           4  port.o(.data)
    .data                                    0x20000084   Section       20  controltask.o(.data)
    .data                                    0x20000098   Section        4  imutask.o(.data)
    IMU_Rec_Length                           0x20000098   Data           4  imutask.o(.data)
    .data                                    0x2000009c   Section      220  pid.o(.data)
    .data                                    0x20000178   Section        4  openmv1.o(.data)
    temp                                     0x20000178   Data           4  openmv1.o(.data)
    .data                                    0x2000017c   Section        4  openmv2.o(.data)
    temp                                     0x2000017c   Data           4  openmv2.o(.data)
    .data                                    0x20000180   Section       48  ms5803.o(.data)
    .data                                    0x200001b0   Section        4  imu.o(.data)
    temp                                     0x200001b0   Data           4  imu.o(.data)
    .data                                    0x200001b4   Section       16  dht11.o(.data)
    .data                                    0x200001c4   Section       20  board.o(.data)
    .data                                    0x200001d8   Section        4  errno.o(.data)
    _errno                                   0x200001d8   Data           4  errno.o(.data)
    .bss                                     0x200001dc   Section      596  freertos.o(.bss)
    xIdleTaskTCBBuffer                       0x200001dc   Data          84  freertos.o(.bss)
    xIdleStack                               0x20000230   Data         512  freertos.o(.bss)
    .bss                                     0x20000430   Section       12  iwdg.o(.bss)
    .bss                                     0x2000043c   Section       88  spi.o(.bss)
    .bss                                     0x20000494   Section      256  tim.o(.bss)
    .bss                                     0x20000594   Section      544  usart.o(.bss)
    .bss                                     0x200007b4   Section       64  stm32f4xx_hal_timebase_tim.o(.bss)
    .bss                                     0x200007f4   Section      240  tasks.o(.bss)
    pxReadyTasksLists                        0x200007f4   Data         140  tasks.o(.bss)
    xDelayedTaskList1                        0x20000880   Data          20  tasks.o(.bss)
    xDelayedTaskList2                        0x20000894   Data          20  tasks.o(.bss)
    xPendingReadyList                        0x200008a8   Data          20  tasks.o(.bss)
    xTasksWaitingTermination                 0x200008bc   Data          20  tasks.o(.bss)
    xSuspendedTaskList                       0x200008d0   Data          20  tasks.o(.bss)
    .bss                                     0x200008e4   Section    50000  heap_4.o(.bss)
    ucHeap                                   0x200008e4   Data       50000  heap_4.o(.bss)
    .bss                                     0x2000cc34   Section       88  messagetask.o(.bss)
    .bss                                     0x2000cc8c   Section       64  pressuretask.o(.bss)
    .bss                                     0x2000cccc   Section      644  pid.o(.bss)
    .bss                                     0x2000cf50   Section       33  openmv1.o(.bss)
    .bss                                     0x2000cf72   Section      278  openmv2.o(.bss)
    .bss                                     0x2000d088   Section       32  ms5803.o(.bss)
    .bss                                     0x2000d0a8   Section      337  imu.o(.bss)
    Imu_Raw                                  0x2000d1ac   Data          44  imu.o(.bss)
    Buf1                                     0x2000d1d8   Data          11  imu.o(.bss)
    Buf2                                     0x2000d1e3   Data          11  imu.o(.bss)
    Buf3                                     0x2000d1ee   Data          11  imu.o(.bss)
    .bss                                     0x2000d1fc   Section       24  board.o(.bss)
    .bss                                     0x2000d214   Section       24  board.o(.bss)
    STACK                                    0x2000d230   Section     1024  startup_stm32f407xx.o(STACK)

    Global Symbols

    Symbol Name                              Value     Ov Type        Size  Object(Section)

    BuildAttributes$$THM_ISAv4$E$P$D$K$B$S$7EM$VFPi3$EXTD16$VFPS$VFMA$PE$A:L22UL41UL21$X:L11$S22US41US21$IEEE1$IW$USESV6$~STKCKD$USESV7$~SHL$OTIME$ROPI$IEEEX$EBA8$MICROLIB$REQ8$PRES8$EABIv2 0x00000000   Number         0  anon$$obj.o ABSOLUTE
    __ARM_use_no_argv                        0x00000000   Number         0  main.o ABSOLUTE
    __cpp_initialize__aeabi_                  - Undefined Weak Reference
    __cxa_finalize                            - Undefined Weak Reference
    _clock_init                               - Undefined Weak Reference
    _microlib_exit                            - Undefined Weak Reference
    __Vectors_Size                           0x00000188   Number         0  startup_stm32f407xx.o ABSOLUTE
    __Vectors                                0x08000000   Data           4  startup_stm32f407xx.o(RESET)
    __Vectors_End                            0x08000188   Data           0  startup_stm32f407xx.o(RESET)
    __main                                   0x08000189   Thumb Code     0  entry.o(.ARM.Collect$$$$00000000)
    _main_stk                                0x08000189   Thumb Code     0  entry2.o(.ARM.Collect$$$$00000001)
    _main_scatterload                        0x0800018d   Thumb Code     0  entry5.o(.ARM.Collect$$$$00000004)
    __main_after_scatterload                 0x08000191   Thumb Code     0  entry5.o(.ARM.Collect$$$$00000004)
    _main_clock                              0x08000191   Thumb Code     0  entry7b.o(.ARM.Collect$$$$00000008)
    _main_cpp_init                           0x08000191   Thumb Code     0  entry8b.o(.ARM.Collect$$$$0000000A)
    _main_init                               0x08000191   Thumb Code     0  entry9a.o(.ARM.Collect$$$$0000000B)
    __rt_final_cpp                           0x08000199   Thumb Code     0  entry10a.o(.ARM.Collect$$$$0000000D)
    __rt_final_exit                          0x08000199   Thumb Code     0  entry11a.o(.ARM.Collect$$$$0000000F)
    SVC_Handler                              0x0800019d   Thumb Code    28  port.o(.emb_text)
    __asm___6_port_c_39a90d8d__prvStartFirstTask 0x080001bd   Thumb Code    36  port.o(.emb_text)
    __asm___6_port_c_39a90d8d__prvEnableVFP  0x080001e5   Thumb Code    16  port.o(.emb_text)
    PendSV_Handler                           0x080001f9   Thumb Code    88  port.o(.emb_text)
    vPortGetIPSR                             0x08000255   Thumb Code     6  port.o(.emb_text)
    Reset_Handler                            0x0800025d   Thumb Code     8  startup_stm32f407xx.o(.text)
    ADC_IRQHandler                           0x08000277   Thumb Code     0  startup_stm32f407xx.o(.text)
    CAN1_RX0_IRQHandler                      0x08000277   Thumb Code     0  startup_stm32f407xx.o(.text)
    CAN1_RX1_IRQHandler                      0x08000277   Thumb Code     0  startup_stm32f407xx.o(.text)
    CAN1_SCE_IRQHandler                      0x08000277   Thumb Code     0  startup_stm32f407xx.o(.text)
    CAN1_TX_IRQHandler                       0x08000277   Thumb Code     0  startup_stm32f407xx.o(.text)
    CAN2_RX0_IRQHandler                      0x08000277   Thumb Code     0  startup_stm32f407xx.o(.text)
    CAN2_RX1_IRQHandler                      0x08000277   Thumb Code     0  startup_stm32f407xx.o(.text)
    CAN2_SCE_IRQHandler                      0x08000277   Thumb Code     0  startup_stm32f407xx.o(.text)
    CAN2_TX_IRQHandler                       0x08000277   Thumb Code     0  startup_stm32f407xx.o(.text)
    DCMI_IRQHandler                          0x08000277   Thumb Code     0  startup_stm32f407xx.o(.text)
    DMA1_Stream1_IRQHandler                  0x08000277   Thumb Code     0  startup_stm32f407xx.o(.text)
    DMA1_Stream3_IRQHandler                  0x08000277   Thumb Code     0  startup_stm32f407xx.o(.text)
    DMA1_Stream4_IRQHandler                  0x08000277   Thumb Code     0  startup_stm32f407xx.o(.text)
    DMA1_Stream6_IRQHandler                  0x08000277   Thumb Code     0  startup_stm32f407xx.o(.text)
    DMA1_Stream7_IRQHandler                  0x08000277   Thumb Code     0  startup_stm32f407xx.o(.text)
    DMA2_Stream0_IRQHandler                  0x08000277   Thumb Code     0  startup_stm32f407xx.o(.text)
    DMA2_Stream1_IRQHandler                  0x08000277   Thumb Code     0  startup_stm32f407xx.o(.text)
    DMA2_Stream2_IRQHandler                  0x08000277   Thumb Code     0  startup_stm32f407xx.o(.text)
    DMA2_Stream3_IRQHandler                  0x08000277   Thumb Code     0  startup_stm32f407xx.o(.text)
    DMA2_Stream4_IRQHandler                  0x08000277   Thumb Code     0  startup_stm32f407xx.o(.text)
    DMA2_Stream5_IRQHandler                  0x08000277   Thumb Code     0  startup_stm32f407xx.o(.text)
    DMA2_Stream6_IRQHandler                  0x08000277   Thumb Code     0  startup_stm32f407xx.o(.text)
    DMA2_Stream7_IRQHandler                  0x08000277   Thumb Code     0  startup_stm32f407xx.o(.text)
    ETH_IRQHandler                           0x08000277   Thumb Code     0  startup_stm32f407xx.o(.text)
    ETH_WKUP_IRQHandler                      0x08000277   Thumb Code     0  startup_stm32f407xx.o(.text)
    EXTI0_IRQHandler                         0x08000277   Thumb Code     0  startup_stm32f407xx.o(.text)
    EXTI15_10_IRQHandler                     0x08000277   Thumb Code     0  startup_stm32f407xx.o(.text)
    EXTI1_IRQHandler                         0x08000277   Thumb Code     0  startup_stm32f407xx.o(.text)
    EXTI2_IRQHandler                         0x08000277   Thumb Code     0  startup_stm32f407xx.o(.text)
    EXTI3_IRQHandler                         0x08000277   Thumb Code     0  startup_stm32f407xx.o(.text)
    EXTI4_IRQHandler                         0x08000277   Thumb Code     0  startup_stm32f407xx.o(.text)
    EXTI9_5_IRQHandler                       0x08000277   Thumb Code     0  startup_stm32f407xx.o(.text)
    FLASH_IRQHandler                         0x08000277   Thumb Code     0  startup_stm32f407xx.o(.text)
    FMC_IRQHandler                           0x08000277   Thumb Code     0  startup_stm32f407xx.o(.text)
    FPU_IRQHandler                           0x08000277   Thumb Code     0  startup_stm32f407xx.o(.text)
    HASH_RNG_IRQHandler                      0x08000277   Thumb Code     0  startup_stm32f407xx.o(.text)
    I2C1_ER_IRQHandler                       0x08000277   Thumb Code     0  startup_stm32f407xx.o(.text)
    I2C1_EV_IRQHandler                       0x08000277   Thumb Code     0  startup_stm32f407xx.o(.text)
    I2C2_ER_IRQHandler                       0x08000277   Thumb Code     0  startup_stm32f407xx.o(.text)
    I2C2_EV_IRQHandler                       0x08000277   Thumb Code     0  startup_stm32f407xx.o(.text)
    I2C3_ER_IRQHandler                       0x08000277   Thumb Code     0  startup_stm32f407xx.o(.text)
    I2C3_EV_IRQHandler                       0x08000277   Thumb Code     0  startup_stm32f407xx.o(.text)
    OTG_FS_IRQHandler                        0x08000277   Thumb Code     0  startup_stm32f407xx.o(.text)
    OTG_FS_WKUP_IRQHandler                   0x08000277   Thumb Code     0  startup_stm32f407xx.o(.text)
    OTG_HS_EP1_IN_IRQHandler                 0x08000277   Thumb Code     0  startup_stm32f407xx.o(.text)
    OTG_HS_EP1_OUT_IRQHandler                0x08000277   Thumb Code     0  startup_stm32f407xx.o(.text)
    OTG_HS_IRQHandler                        0x08000277   Thumb Code     0  startup_stm32f407xx.o(.text)
    OTG_HS_WKUP_IRQHandler                   0x08000277   Thumb Code     0  startup_stm32f407xx.o(.text)
    PVD_IRQHandler                           0x08000277   Thumb Code     0  startup_stm32f407xx.o(.text)
    RCC_IRQHandler                           0x08000277   Thumb Code     0  startup_stm32f407xx.o(.text)
    RTC_Alarm_IRQHandler                     0x08000277   Thumb Code     0  startup_stm32f407xx.o(.text)
    RTC_WKUP_IRQHandler                      0x08000277   Thumb Code     0  startup_stm32f407xx.o(.text)
    SDIO_IRQHandler                          0x08000277   Thumb Code     0  startup_stm32f407xx.o(.text)
    SPI1_IRQHandler                          0x08000277   Thumb Code     0  startup_stm32f407xx.o(.text)
    SPI2_IRQHandler                          0x08000277   Thumb Code     0  startup_stm32f407xx.o(.text)
    SPI3_IRQHandler                          0x08000277   Thumb Code     0  startup_stm32f407xx.o(.text)
    TAMP_STAMP_IRQHandler                    0x08000277   Thumb Code     0  startup_stm32f407xx.o(.text)
    TIM1_BRK_TIM9_IRQHandler                 0x08000277   Thumb Code     0  startup_stm32f407xx.o(.text)
    TIM1_CC_IRQHandler                       0x08000277   Thumb Code     0  startup_stm32f407xx.o(.text)
    TIM1_TRG_COM_TIM11_IRQHandler            0x08000277   Thumb Code     0  startup_stm32f407xx.o(.text)
    TIM1_UP_TIM10_IRQHandler                 0x08000277   Thumb Code     0  startup_stm32f407xx.o(.text)
    TIM2_IRQHandler                          0x08000277   Thumb Code     0  startup_stm32f407xx.o(.text)
    TIM3_IRQHandler                          0x08000277   Thumb Code     0  startup_stm32f407xx.o(.text)
    TIM4_IRQHandler                          0x08000277   Thumb Code     0  startup_stm32f407xx.o(.text)
    TIM5_IRQHandler                          0x08000277   Thumb Code     0  startup_stm32f407xx.o(.text)
    TIM6_DAC_IRQHandler                      0x08000277   Thumb Code     0  startup_stm32f407xx.o(.text)
    TIM8_BRK_TIM12_IRQHandler                0x08000277   Thumb Code     0  startup_stm32f407xx.o(.text)
    TIM8_CC_IRQHandler                       0x08000277   Thumb Code     0  startup_stm32f407xx.o(.text)
    TIM8_TRG_COM_TIM14_IRQHandler            0x08000277   Thumb Code     0  startup_stm32f407xx.o(.text)
    TIM8_UP_TIM13_IRQHandler                 0x08000277   Thumb Code     0  startup_stm32f407xx.o(.text)
    USART1_IRQHandler                        0x08000277   Thumb Code     0  startup_stm32f407xx.o(.text)
    USART3_IRQHandler                        0x08000277   Thumb Code     0  startup_stm32f407xx.o(.text)
    USART6_IRQHandler                        0x08000277   Thumb Code     0  startup_stm32f407xx.o(.text)
    WWDG_IRQHandler                          0x08000277   Thumb Code     0  startup_stm32f407xx.o(.text)
    __aeabi_uldivmod                         0x08000281   Thumb Code    98  uldiv.o(.text)
    __aeabi_memcpy                           0x080002e3   Thumb Code    36  memcpya.o(.text)
    __aeabi_memcpy4                          0x080002e3   Thumb Code     0  memcpya.o(.text)
    __aeabi_memcpy8                          0x080002e3   Thumb Code     0  memcpya.o(.text)
    __aeabi_memset                           0x08000307   Thumb Code    14  memseta.o(.text)
    __aeabi_memset4                          0x08000307   Thumb Code     0  memseta.o(.text)
    __aeabi_memset8                          0x08000307   Thumb Code     0  memseta.o(.text)
    __aeabi_memclr                           0x08000315   Thumb Code     4  memseta.o(.text)
    __aeabi_memclr4                          0x08000315   Thumb Code     0  memseta.o(.text)
    __aeabi_memclr8                          0x08000315   Thumb Code     0  memseta.o(.text)
    memset                                   0x08000319   Thumb Code    18  memseta.o(.text)
    __aeabi_dadd                             0x0800032b   Thumb Code   322  dadd.o(.text)
    __aeabi_dsub                             0x0800046d   Thumb Code     6  dadd.o(.text)
    __aeabi_drsub                            0x08000473   Thumb Code     6  dadd.o(.text)
    __aeabi_dmul                             0x08000479   Thumb Code   228  dmul.o(.text)
    __aeabi_ddiv                             0x0800055d   Thumb Code   222  ddiv.o(.text)
    __aeabi_i2d                              0x0800063b   Thumb Code    34  dflti.o(.text)
    __aeabi_ui2d                             0x0800065d   Thumb Code    26  dfltui.o(.text)
    __aeabi_d2iz                             0x08000677   Thumb Code    62  dfixi.o(.text)
    __aeabi_d2uiz                            0x080006b5   Thumb Code    50  dfixui.o(.text)
    __aeabi_cdcmpeq                          0x080006e9   Thumb Code     0  cdcmple.o(.text)
    __aeabi_cdcmple                          0x080006e9   Thumb Code    48  cdcmple.o(.text)
    __aeabi_cdrcmple                         0x08000719   Thumb Code    48  cdrcmple.o(.text)
    __aeabi_d2f                              0x08000749   Thumb Code    56  d2f.o(.text)
    __aeabi_llsl                             0x08000781   Thumb Code    30  llshl.o(.text)
    _ll_shift_l                              0x08000781   Thumb Code     0  llshl.o(.text)
    __aeabi_llsr                             0x0800079f   Thumb Code    32  llushr.o(.text)
    _ll_ushift_r                             0x0800079f   Thumb Code     0  llushr.o(.text)
    __aeabi_lasr                             0x080007bf   Thumb Code    36  llsshr.o(.text)
    _ll_sshift_r                             0x080007bf   Thumb Code     0  llsshr.o(.text)
    __I$use$fp                               0x080007e3   Thumb Code     0  iusefp.o(.text)
    _float_round                             0x080007e3   Thumb Code    18  fepilogue.o(.text)
    _float_epilogue                          0x080007f5   Thumb Code    92  fepilogue.o(.text)
    _double_round                            0x08000851   Thumb Code    30  depilogue.o(.text)
    _double_epilogue                         0x0800086f   Thumb Code   156  depilogue.o(.text)
    __ARM_scalbn                             0x0800090b   Thumb Code    46  dscalb.o(.text)
    scalbn                                   0x0800090b   Thumb Code     0  dscalb.o(.text)
    __scatterload                            0x08000939   Thumb Code    28  init.o(.text)
    __scatterload_rt2                        0x08000939   Thumb Code     0  init.o(.text)
    _dsqrt                                   0x0800095d   Thumb Code   162  dsqrt.o(.text)
    __decompress                             0x080009ff   Thumb Code     0  __dczerorl2.o(.text)
    __decompress1                            0x080009ff   Thumb Code    86  __dczerorl2.o(.text)
    BSP_Init                                 0x08000a55   Thumb Code    50  board.o(i.BSP_Init)
    BusFault_Handler                         0x08000a8d   Thumb Code     2  stm32f4xx_it.o(i.BusFault_Handler)
    Change_MS5803                            0x08000a91   Thumb Code   868  ms5803.o(i.Change_MS5803)
    ControlTask_Function                     0x08000e8d   Thumb Code   138  controltask.o(i.ControlTask_Function)
    DHT11_Read_Data                          0x08000f65   Thumb Code    50  dht11.o(i.DHT11_Read_Data)
    DHT11_init                               0x08000f9d   Thumb Code    10  dht11.o(i.DHT11_init)
    DMA1_Stream0_IRQHandler                  0x08000fad   Thumb Code     6  stm32f4xx_it.o(i.DMA1_Stream0_IRQHandler)
    DMA1_Stream2_IRQHandler                  0x08000fb9   Thumb Code     6  stm32f4xx_it.o(i.DMA1_Stream2_IRQHandler)
    DMA1_Stream5_IRQHandler                  0x08000fc5   Thumb Code     6  stm32f4xx_it.o(i.DMA1_Stream5_IRQHandler)
    DebugMon_Handler                         0x08001075   Thumb Code     2  stm32f4xx_it.o(i.DebugMon_Handler)
    Error_Handler                            0x08001077   Thumb Code     2  main.o(i.Error_Handler)
    Get_Pressure                             0x08001079   Thumb Code    30  ms5803.o(i.Get_Pressure)
    HAL_DMA_Abort                            0x0800109d   Thumb Code   142  stm32f4xx_hal_dma.o(i.HAL_DMA_Abort)
    HAL_DMA_Abort_IT                         0x0800112b   Thumb Code    36  stm32f4xx_hal_dma.o(i.HAL_DMA_Abort_IT)
    HAL_DMA_IRQHandler                       0x08001151   Thumb Code   412  stm32f4xx_hal_dma.o(i.HAL_DMA_IRQHandler)
    HAL_DMA_Init                             0x080012f1   Thumb Code   206  stm32f4xx_hal_dma.o(i.HAL_DMA_Init)
    HAL_DMA_Start_IT                         0x080013c5   Thumb Code   110  stm32f4xx_hal_dma.o(i.HAL_DMA_Start_IT)
    HAL_Delay                                0x08001435   Thumb Code    32  stm32f4xx_hal.o(i.HAL_Delay)
    HAL_GPIO_Init                            0x08001459   Thumb Code   394  stm32f4xx_hal_gpio.o(i.HAL_GPIO_Init)
    HAL_GPIO_ReadPin                         0x08001611   Thumb Code    10  stm32f4xx_hal_gpio.o(i.HAL_GPIO_ReadPin)
    HAL_GPIO_WritePin                        0x0800161b   Thumb Code    10  stm32f4xx_hal_gpio.o(i.HAL_GPIO_WritePin)
    HAL_GetTick                              0x08001625   Thumb Code     6  stm32f4xx_hal.o(i.HAL_GetTick)
    HAL_IWDG_Init                            0x08001631   Thumb Code    82  stm32f4xx_hal_iwdg.o(i.HAL_IWDG_Init)
    HAL_IWDG_Refresh                         0x08001683   Thumb Code    12  stm32f4xx_hal_iwdg.o(i.HAL_IWDG_Refresh)
    HAL_IncTick                              0x08001691   Thumb Code    12  stm32f4xx_hal.o(i.HAL_IncTick)
    HAL_Init                                 0x080016a1   Thumb Code    48  stm32f4xx_hal.o(i.HAL_Init)
    HAL_InitTick                             0x080016d5   Thumb Code   100  stm32f4xx_hal_timebase_tim.o(i.HAL_InitTick)
    HAL_MspInit                              0x08001749   Thumb Code    42  stm32f4xx_hal_msp.o(i.HAL_MspInit)
    HAL_NVIC_EnableIRQ                       0x08001779   Thumb Code    26  stm32f4xx_hal_cortex.o(i.HAL_NVIC_EnableIRQ)
    HAL_NVIC_SetPriority                     0x08001795   Thumb Code    60  stm32f4xx_hal_cortex.o(i.HAL_NVIC_SetPriority)
    HAL_NVIC_SetPriorityGrouping             0x080017d5   Thumb Code    26  stm32f4xx_hal_cortex.o(i.HAL_NVIC_SetPriorityGrouping)
    HAL_RCC_ClockConfig                      0x080017f9   Thumb Code   288  stm32f4xx_hal_rcc.o(i.HAL_RCC_ClockConfig)
    HAL_RCC_GetClockConfig                   0x0800192d   Thumb Code    54  stm32f4xx_hal_rcc.o(i.HAL_RCC_GetClockConfig)
    HAL_RCC_GetPCLK1Freq                     0x0800196d   Thumb Code    20  stm32f4xx_hal_rcc.o(i.HAL_RCC_GetPCLK1Freq)
    HAL_RCC_GetPCLK2Freq                     0x0800198d   Thumb Code    20  stm32f4xx_hal_rcc.o(i.HAL_RCC_GetPCLK2Freq)
    HAL_RCC_GetSysClockFreq                  0x080019ad   Thumb Code    88  stm32f4xx_hal_rcc.o(i.HAL_RCC_GetSysClockFreq)
    HAL_RCC_OscConfig                        0x08001a0d   Thumb Code   840  stm32f4xx_hal_rcc.o(i.HAL_RCC_OscConfig)
    HAL_SPI_Init                             0x08001d69   Thumb Code   128  stm32f4xx_hal_spi.o(i.HAL_SPI_Init)
    HAL_SPI_MspInit                          0x08001de9   Thumb Code    92  spi.o(i.HAL_SPI_MspInit)
    HAL_SPI_TransmitReceive                  0x08001e51   Thumb Code   482  stm32f4xx_hal_spi.o(i.HAL_SPI_TransmitReceive)
    HAL_TIMEx_BreakCallback                  0x08002033   Thumb Code     2  stm32f4xx_hal_tim_ex.o(i.HAL_TIMEx_BreakCallback)
    HAL_TIMEx_CommutCallback                 0x08002035   Thumb Code     2  stm32f4xx_hal_tim_ex.o(i.HAL_TIMEx_CommutCallback)
    HAL_TIMEx_MasterConfigSynchronization    0x08002039   Thumb Code   116  stm32f4xx_hal_tim_ex.o(i.HAL_TIMEx_MasterConfigSynchronization)
    HAL_TIM_Base_Init                        0x080020c9   Thumb Code    54  stm32f4xx_hal_tim.o(i.HAL_TIM_Base_Init)
    HAL_TIM_Base_MspInit                     0x08002101   Thumb Code    30  tim.o(i.HAL_TIM_Base_MspInit)
    HAL_TIM_Base_Start_IT                    0x08002129   Thumb Code    34  stm32f4xx_hal_tim.o(i.HAL_TIM_Base_Start_IT)
    HAL_TIM_ConfigClockSource                0x0800214b   Thumb Code   214  stm32f4xx_hal_tim.o(i.HAL_TIM_ConfigClockSource)
    HAL_TIM_IC_CaptureCallback               0x08002221   Thumb Code     2  stm32f4xx_hal_tim.o(i.HAL_TIM_IC_CaptureCallback)
    HAL_TIM_IRQHandler                       0x08002223   Thumb Code   358  stm32f4xx_hal_tim.o(i.HAL_TIM_IRQHandler)
    HAL_TIM_MspPostInit                      0x08002389   Thumb Code   176  tim.o(i.HAL_TIM_MspPostInit)
    HAL_TIM_OC_DelayElapsedCallback          0x08002455   Thumb Code     2  stm32f4xx_hal_tim.o(i.HAL_TIM_OC_DelayElapsedCallback)
    HAL_TIM_PWM_ConfigChannel                0x08002457   Thumb Code   208  stm32f4xx_hal_tim.o(i.HAL_TIM_PWM_ConfigChannel)
    HAL_TIM_PWM_Init                         0x08002527   Thumb Code    54  stm32f4xx_hal_tim.o(i.HAL_TIM_PWM_Init)
    HAL_TIM_PWM_MspInit                      0x0800255d   Thumb Code    74  tim.o(i.HAL_TIM_PWM_MspInit)
    HAL_TIM_PWM_PulseFinishedCallback        0x080025b5   Thumb Code     2  stm32f4xx_hal_tim.o(i.HAL_TIM_PWM_PulseFinishedCallback)
    HAL_TIM_PWM_Start                        0x080025b9   Thumb Code    58  stm32f4xx_hal_tim.o(i.HAL_TIM_PWM_Start)
    HAL_TIM_PeriodElapsedCallback            0x080025fd   Thumb Code    14  main.o(i.HAL_TIM_PeriodElapsedCallback)
    HAL_TIM_TriggerCallback                  0x08002611   Thumb Code     2  stm32f4xx_hal_tim.o(i.HAL_TIM_TriggerCallback)
    HAL_UART_DMAStop                         0x08002613   Thumb Code    88  stm32f4xx_hal_uart.o(i.HAL_UART_DMAStop)
    HAL_UART_ErrorCallback                   0x0800266b   Thumb Code     2  stm32f4xx_hal_uart.o(i.HAL_UART_ErrorCallback)
    HAL_UART_IRQHandler                      0x0800266d   Thumb Code   270  stm32f4xx_hal_uart.o(i.HAL_UART_IRQHandler)
    HAL_UART_Init                            0x08002781   Thumb Code    98  stm32f4xx_hal_uart.o(i.HAL_UART_Init)
    HAL_UART_MspInit                         0x080027e5   Thumb Code   544  usart.o(i.HAL_UART_MspInit)
    HAL_UART_Receive_DMA                     0x08002a2d   Thumb Code   138  stm32f4xx_hal_uart.o(i.HAL_UART_Receive_DMA)
    HAL_UART_RxCpltCallback                  0x08002ac5   Thumb Code     2  stm32f4xx_hal_uart.o(i.HAL_UART_RxCpltCallback)
    HAL_UART_RxHalfCpltCallback              0x08002ac7   Thumb Code     2  stm32f4xx_hal_uart.o(i.HAL_UART_RxHalfCpltCallback)
    HAL_UART_TxCpltCallback                  0x08002ac9   Thumb Code     2  stm32f4xx_hal_uart.o(i.HAL_UART_TxCpltCallback)
    HardFault_Handler                        0x08002acb   Thumb Code     2  stm32f4xx_it.o(i.HardFault_Handler)
    IMU_ReadData                             0x08002acd   Thumb Code   124  imu.o(i.IMU_ReadData)
    ImuTask_Function                         0x08002b51   Thumb Code    58  imutask.o(i.ImuTask_Function)
    Imu_Data_unpack                          0x08002b9d   Thumb Code   480  imu.o(i.Imu_Data_unpack)
    Imu_Rec_IDLE_Fun                         0x08002da1   Thumb Code    84  imu.o(i.Imu_Rec_IDLE_Fun)
    MS5803_Read_Sometimes                    0x08002e05   Thumb Code   216  ms5803.o(i.MS5803_Read_Sometimes)
    MS5803aInit                              0x08002ee5   Thumb Code   458  ms5803.o(i.MS5803aInit)
    MX_DMA_Init                              0x080030bd   Thumb Code    72  dma.o(i.MX_DMA_Init)
    MX_FREERTOS_Init                         0x08003109   Thumb Code   122  freertos.o(i.MX_FREERTOS_Init)
    MX_GPIO_Init                             0x0800318d   Thumb Code   238  gpio.o(i.MX_GPIO_Init)
    MX_IWDG_Init                             0x0800328d   Thumb Code    36  iwdg.o(i.MX_IWDG_Init)
    MX_SPI1_Init                             0x080032b9   Thumb Code    60  spi.o(i.MX_SPI1_Init)
    MX_TIM1_Init                             0x080032fd   Thumb Code    96  tim.o(i.MX_TIM1_Init)
    MX_TIM2_Init                             0x08003365   Thumb Code   122  tim.o(i.MX_TIM2_Init)
    MX_TIM3_Init                             0x080033e5   Thumb Code   152  tim.o(i.MX_TIM3_Init)
    MX_TIM4_Init                             0x08003485   Thumb Code   152  tim.o(i.MX_TIM4_Init)
    MX_UART4_Init                            0x08003525   Thumb Code    48  usart.o(i.MX_UART4_Init)
    MX_UART5_Init                            0x0800355d   Thumb Code    48  usart.o(i.MX_UART5_Init)
    MX_USART1_UART_Init                      0x08003595   Thumb Code    48  usart.o(i.MX_USART1_UART_Init)
    MX_USART2_UART_Init                      0x080035cd   Thumb Code    48  usart.o(i.MX_USART2_UART_Init)
    MemManage_Handler                        0x08003605   Thumb Code     2  stm32f4xx_it.o(i.MemManage_Handler)
    MessageTask_Function                     0x08003609   Thumb Code   132  messagetask.o(i.MessageTask_Function)
    Move_Left_Ctrl                           0x080036a1   Thumb Code    40  control.o(i.Move_Left_Ctrl)
    Move_Right_Ctrl                          0x080036d1   Thumb Code    40  control.o(i.Move_Right_Ctrl)
    NLPID_Init                               0x08003701   Thumb Code   236  pid.o(i.NLPID_Init)
    NMI_Handler                              0x0800382d   Thumb Code     2  stm32f4xx_it.o(i.NMI_Handler)
    Openmv1_Init                             0x08003831   Thumb Code    40  openmv1.o(i.Openmv1_Init)
    Openmv1_Rec_IDLE_Fun                     0x08003861   Thumb Code    90  openmv1.o(i.Openmv1_Rec_IDLE_Fun)
    Openmv2_Init                             0x080038c5   Thumb Code    48  openmv2.o(i.Openmv2_Init)
    Openmv2_Rec_IDLE_Fun                     0x08003901   Thumb Code    82  openmv2.o(i.Openmv2_Rec_IDLE_Fun)
    PID_Init                                 0x08003961   Thumb Code    60  pid.o(i.PID_Init)
    PID_Inner_Calculate                      0x080039a9   Thumb Code   218  pid.o(i.PID_Inner_Calculate)
    PID_Param_Init                           0x08003a83   Thumb Code    90  pid.o(i.PID_Param_Init)
    PressureTask_Function                    0x08003add   Thumb Code    48  pressuretask.o(i.PressureTask_Function)
    Read_DHT11                               0x08003b7d   Thumb Code   180  dht11.o(i.Read_DHT11)
    Read_P                                   0x08003c35   Thumb Code   114  ms5803.o(i.Read_P)
    Read_T                                   0x08003cb1   Thumb Code   114  ms5803.o(i.Read_T)
    SPI_treatment                            0x08003e19   Thumb Code    40  ms5803.o(i.SPI_treatment)
    SensorTask_Function                      0x08003e71   Thumb Code    40  sensortask.o(i.SensorTask_Function)
    SysTick_Handler                          0x08003ea1   Thumb Code    38  port.o(i.SysTick_Handler)
    SystemClock_Config                       0x08003ecd   Thumb Code   128  main.o(i.SystemClock_Config)
    SystemInit                               0x08003f55   Thumb Code    22  system_stm32f4xx.o(i.SystemInit)
    TIM7_IRQHandler                          0x08003f71   Thumb Code     6  stm32f4xx_it.o(i.TIM7_IRQHandler)
    TIM_Base_SetConfig                       0x08003f7d   Thumb Code   156  stm32f4xx_hal_tim.o(i.TIM_Base_SetConfig)
    TIM_CCxChannelCmd                        0x08004045   Thumb Code    26  stm32f4xx_hal_tim.o(i.TIM_CCxChannelCmd)
    TIM_ETR_SetConfig                        0x0800405f   Thumb Code    20  stm32f4xx_hal_tim.o(i.TIM_ETR_SetConfig)
    TIM_OC2_SetConfig                        0x080040e5   Thumb Code    98  stm32f4xx_hal_tim.o(i.TIM_OC2_SetConfig)
    Task_Queue_Semaphore_Timers_Create       0x08004251   Thumb Code    86  board.o(i.Task_Queue_Semaphore_Timers_Create)
    UART4_IRQHandler                         0x080042ad   Thumb Code    18  stm32f4xx_it.o(i.UART4_IRQHandler)
    UART5_IRQHandler                         0x080042c5   Thumb Code    18  stm32f4xx_it.o(i.UART5_IRQHandler)
    USART2_IRQHandler                        0x080045cd   Thumb Code    18  stm32f4xx_it.o(i.USART2_IRQHandler)
    USER_UART_IRQHandler                     0x080045e5   Thumb Code    52  board.o(i.USER_UART_IRQHandler)
    UsageFault_Handler                       0x08004631   Thumb Code     2  stm32f4xx_it.o(i.UsageFault_Handler)
    __ARM_fpclassify                         0x08004633   Thumb Code    48  fpclassify.o(i.__ARM_fpclassify)
    __hardfp_pow                             0x08004689   Thumb Code  3072  pow.o(i.__hardfp_pow)
    __kernel_poly                            0x080052d9   Thumb Code   248  poly.o(i.__kernel_poly)
    __mathlib_dbl_divzero                    0x080053d1   Thumb Code    28  dunder.o(i.__mathlib_dbl_divzero)
    __mathlib_dbl_infnan2                    0x08005401   Thumb Code    20  dunder.o(i.__mathlib_dbl_infnan2)
    __mathlib_dbl_invalid                    0x08005419   Thumb Code    24  dunder.o(i.__mathlib_dbl_invalid)
    __mathlib_dbl_overflow                   0x08005439   Thumb Code    24  dunder.o(i.__mathlib_dbl_overflow)
    __mathlib_dbl_underflow                  0x08005459   Thumb Code    24  dunder.o(i.__mathlib_dbl_underflow)
    __scatterload_copy                       0x08005479   Thumb Code    14  handlers.o(i.__scatterload_copy)
    __scatterload_null                       0x08005487   Thumb Code     2  handlers.o(i.__scatterload_null)
    __scatterload_zeroinit                   0x08005489   Thumb Code    14  handlers.o(i.__scatterload_zeroinit)
    __set_errno                              0x08005499   Thumb Code     6  errno.o(i.__set_errno)
    delay_ms                                 0x080054a5   Thumb Code    30  board.o(i.delay_ms)
    delay_sys_us                             0x080054c3   Thumb Code    16  board.o(i.delay_sys_us)
    fabs                                     0x080054d3   Thumb Code    24  fabs.o(i.fabs)
    getRunTime                               0x080054ed   Thumb Code    24  board.o(i.getRunTime)
    imu_init                                 0x08005509   Thumb Code    36  imu.o(i.imu_init)
    main                                     0x08005535   Thumb Code    78  main.o(i.main)
    osDelay                                  0x0800558f   Thumb Code    14  cmsis_os.o(i.osDelay)
    osKernelStart                            0x0800559d   Thumb Code    10  cmsis_os.o(i.osKernelStart)
    osThreadCreate                           0x080055a7   Thumb Code    84  cmsis_os.o(i.osThreadCreate)
    pvPortMalloc                             0x08005a79   Thumb Code   210  heap_4.o(i.pvPortMalloc)
    pwm_init                                 0x08005b51   Thumb Code   272  pwm.o(i.pwm_init)
    pxPortInitialiseStack                    0x08005c6d   Thumb Code    40  port.o(i.pxPortInitialiseStack)
    sqrt                                     0x08005c99   Thumb Code   110  sqrt.o(i.sqrt)
    uxListRemove                             0x08005d07   Thumb Code    38  list.o(i.uxListRemove)
    vApplicationGetIdleTaskMemory            0x08005d2d   Thumb Code    16  freertos.o(i.vApplicationGetIdleTaskMemory)
    vListInitialise                          0x08005d41   Thumb Code    22  list.o(i.vListInitialise)
    vListInitialiseItem                      0x08005d57   Thumb Code     6  list.o(i.vListInitialiseItem)
    vListInsert                              0x08005d5d   Thumb Code    48  list.o(i.vListInsert)
    vListInsertEnd                           0x08005d8d   Thumb Code    24  list.o(i.vListInsertEnd)
    vPortEnterCritical                       0x08005da5   Thumb Code    54  port.o(i.vPortEnterCritical)
    vPortExitCritical                        0x08005de5   Thumb Code    34  port.o(i.vPortExitCritical)
    vPortFree                                0x08005e0d   Thumb Code    88  heap_4.o(i.vPortFree)
    vPortSetupTimerInterrupt                 0x08005e69   Thumb Code    32  port.o(i.vPortSetupTimerInterrupt)
    vPortValidateInterruptPriority           0x08005e8d   Thumb Code    74  port.o(i.vPortValidateInterruptPriority)
    vTaskDelay                               0x08005ee1   Thumb Code    66  tasks.o(i.vTaskDelay)
    vTaskDelayUntil                          0x08005f2d   Thumb Code   132  tasks.o(i.vTaskDelayUntil)
    vTaskInternalSetTimeOutState             0x08005fb9   Thumb Code    12  tasks.o(i.vTaskInternalSetTimeOutState)
    vTaskMissedYield                         0x08005fc9   Thumb Code     8  tasks.o(i.vTaskMissedYield)
    vTaskPlaceOnEventList                    0x08005fd5   Thumb Code    44  tasks.o(i.vTaskPlaceOnEventList)
    vTaskStartScheduler                      0x08006005   Thumb Code    90  tasks.o(i.vTaskStartScheduler)
    vTaskSuspendAll                          0x08006071   Thumb Code    10  tasks.o(i.vTaskSuspendAll)
    vTaskSwitchContext                       0x08006081   Thumb Code    82  tasks.o(i.vTaskSwitchContext)
    xPortStartScheduler                      0x080060dd   Thumb Code   222  port.o(i.xPortStartScheduler)
    xQueueGenericCreate                      0x080061d1   Thumb Code    72  queue.o(i.xQueueGenericCreate)
    xQueueGenericReset                       0x08006219   Thumb Code   132  queue.o(i.xQueueGenericReset)
    xQueueGenericSend                        0x080062a1   Thumb Code   346  queue.o(i.xQueueGenericSend)
    xQueueGenericSendFromISR                 0x08006401   Thumb Code   188  queue.o(i.xQueueGenericSendFromISR)
    xQueuePeek                               0x080064bd   Thumb Code   302  queue.o(i.xQueuePeek)
    xQueueReceive                            0x080065f1   Thumb Code   308  queue.o(i.xQueueReceive)
    xTaskCheckForTimeOut                     0x08006729   Thumb Code   112  tasks.o(i.xTaskCheckForTimeOut)
    xTaskCreate                              0x0800679d   Thumb Code    90  tasks.o(i.xTaskCreate)
    xTaskCreateStatic                        0x080067f7   Thumb Code    86  tasks.o(i.xTaskCreateStatic)
    xTaskGetSchedulerState                   0x0800684d   Thumb Code    22  tasks.o(i.xTaskGetSchedulerState)
    xTaskGetTickCount                        0x08006869   Thumb Code     6  tasks.o(i.xTaskGetTickCount)
    xTaskIncrementTick                       0x08006875   Thumb Code   192  tasks.o(i.xTaskIncrementTick)
    xTaskPriorityDisinherit                  0x0800693d   Thumb Code   144  tasks.o(i.xTaskPriorityDisinherit)
    xTaskRemoveFromEventList                 0x080069d5   Thumb Code   108  tasks.o(i.xTaskRemoveFromEventList)
    xTaskResumeAll                           0x08006a49   Thumb Code   182  tasks.o(i.xTaskResumeAll)
    AHBPrescTable                            0x08006ba0   Data          16  system_stm32f4xx.o(.constdata)
    APBPrescTable                            0x08006bb0   Data           8  system_stm32f4xx.o(.constdata)
    __mathlib_zero                           0x08006c40   Data           8  qnan.o(.constdata)
    Region$$Table$$Base                      0x08006c84   Number         0  anon$$obj.o(Region$$Table)
    Region$$Table$$Limit                     0x08006ca4   Number         0  anon$$obj.o(Region$$Table)
    ControlTaskHandle                        0x20000000   Data           4  freertos.o(.data)
    PressureTaskHandle                       0x20000004   Data           4  freertos.o(.data)
    MessageTaskHandle                        0x20000008   Data           4  freertos.o(.data)
    ImuTaskHandle                            0x2000000c   Data           4  freertos.o(.data)
    SensorTaskHandle                         0x20000010   Data           4  freertos.o(.data)
    uwTickFreq                               0x20000014   Data           1  stm32f4xx_hal.o(.data)
    uwTickPrio                               0x20000018   Data           4  stm32f4xx_hal.o(.data)
    uwTick                                   0x2000001c   Data           4  stm32f4xx_hal.o(.data)
    SystemCoreClock                          0x20000020   Data           4  system_stm32f4xx.o(.data)
    pxCurrentTCB                             0x20000024   Data           4  tasks.o(.data)
    angle                                    0x20000084   Data           4  controltask.o(.data)
    inter                                    0x20000088   Data           4  controltask.o(.data)
    Angle_PID_out                            0x2000008c   Data           4  controltask.o(.data)
    Inter_PID_out                            0x20000090   Data           4  controltask.o(.data)
    Differential                             0x20000094   Data           4  controltask.o(.data)
    Angle_pid_param                          0x2000009c   Data          44  pid.o(.data)
    Inter_pid_param                          0x200000c8   Data          44  pid.o(.data)
    Deep_pid_param                           0x200000f4   Data          44  pid.o(.data)
    X_offset_pid_param                       0x20000120   Data          44  pid.o(.data)
    Y_offset_pid_param                       0x2000014c   Data          44  pid.o(.data)
    g_Deep                                   0x20000180   Data           2  ms5803.o(.data)
    g_Temper                                 0x20000184   Data           4  ms5803.o(.data)
    D1                                       0x20000188   Data           4  ms5803.o(.data)
    D2                                       0x2000018c   Data           4  ms5803.o(.data)
    d1_l                                     0x20000190   Data           4  ms5803.o(.data)
    d2_l                                     0x20000194   Data           4  ms5803.o(.data)
    YA_C_Flag                                0x20000198   Data           4  ms5803.o(.data)
    P_base                                   0x200001a0   Data           8  ms5803.o(.data)
    pa                                       0x200001a8   Data           8  ms5803.o(.data)
    DHT11_Data                               0x200001b4   Data           5  dht11.o(.data)
    TempHum                                  0x200001bc   Data           8  dht11.o(.data)
    Imu_Rec_Queue                            0x200001c4   Data           4  board.o(.data)
    Control_Message_Queue                    0x200001c8   Data           4  board.o(.data)
    Pressure_Message_Queue                   0x200001cc   Data           4  board.o(.data)
    Imu_Msg_Queue                            0x200001d0   Data           4  board.o(.data)
    TempHum_Message_Queue                    0x200001d4   Data           4  board.o(.data)
    hiwdg                                    0x20000430   Data          12  iwdg.o(.bss)
    hspi1                                    0x2000043c   Data          88  spi.o(.bss)
    htim1                                    0x20000494   Data          64  tim.o(.bss)
    htim2                                    0x200004d4   Data          64  tim.o(.bss)
    htim3                                    0x20000514   Data          64  tim.o(.bss)
    htim4                                    0x20000554   Data          64  tim.o(.bss)
    huart4                                   0x20000594   Data          64  usart.o(.bss)
    huart5                                   0x200005d4   Data          64  usart.o(.bss)
    huart1                                   0x20000614   Data          64  usart.o(.bss)
    huart2                                   0x20000654   Data          64  usart.o(.bss)
    hdma_uart4_rx                            0x20000694   Data          96  usart.o(.bss)
    hdma_uart5_rx                            0x200006f4   Data          96  usart.o(.bss)
    hdma_usart2_rx                           0x20000754   Data          96  usart.o(.bss)
    htim7                                    0x200007b4   Data          64  stm32f4xx_hal_timebase_tim.o(.bss)
    test_arr                                 0x2000cc34   Data          40  messagetask.o(.bss)
    control_data                             0x2000cc5c   Data          48  messagetask.o(.bss)
    send_state                               0x2000cc8c   Data          10  pressuretask.o(.bss)
    SensorData                               0x2000cc98   Data          52  pressuretask.o(.bss)
    Angle_PID                                0x2000cccc   Data          72  pid.o(.bss)
    Inter_PID                                0x2000cd14   Data          72  pid.o(.bss)
    Deep_PID                                 0x2000cd5c   Data          72  pid.o(.bss)
    X_offest_PID                             0x2000cda4   Data          72  pid.o(.bss)
    Y_offest_PID                             0x2000cdec   Data          72  pid.o(.bss)
    YawNLPID                                 0x2000ce34   Data         284  pid.o(.bss)
    Openmv1_buf                              0x2000cf50   Data          23  openmv1.o(.bss)
    Openmv1_msg                              0x2000cf67   Data          10  openmv1.o(.bss)
    Openmv2_buf                              0x2000cf72   Data         260  openmv2.o(.bss)
    Openmv2_msg                              0x2000d076   Data          18  openmv2.o(.bss)
    C                                        0x2000d088   Data          32  ms5803.o(.bss)
    Imu_Rec_Msg                              0x2000d0a8   Data         260  imu.o(.bss)
    last_time                                0x2000d1fc   Data          24  board.o(.bss)
    run_time                                 0x2000d214   Data          24  board.o(.bss)
    __initial_sp                             0x2000d630   Data           0  startup_stm32f407xx.o(STACK)



==============================================================================

Memory Map of the image

  Image Entry point : 0x08000189

  Load Region LR_IROM1 (Base: 0x08000000, Size: 0x00006e80, Max: 0x00100000, ABSOLUTE, COMPRESSED[0x00006ce0])

    Execution Region ER_IROM1 (Exec base: 0x08000000, Load base: 0x08000000, Size: 0x00006ca4, Max: 0x00100000, ABSOLUTE)

    Exec Addr    Load Addr    Size         Type   Attr      Idx    E Section Name        Object

    0x08000000   0x08000000   0x00000188   Data   RO            3    RESET               startup_stm32f407xx.o
    0x08000188   0x08000188   0x00000000   Code   RO         5559  * .ARM.Collect$$$$00000000  mc_w.l(entry.o)
    0x08000188   0x08000188   0x00000004   Code   RO         5633    .ARM.Collect$$$$00000001  mc_w.l(entry2.o)
    0x0800018c   0x0800018c   0x00000004   Code   RO         5636    .ARM.Collect$$$$00000004  mc_w.l(entry5.o)
    0x08000190   0x08000190   0x00000000   Code   RO         5638    .ARM.Collect$$$$00000008  mc_w.l(entry7b.o)
    0x08000190   0x08000190   0x00000000   Code   RO         5640    .ARM.Collect$$$$0000000A  mc_w.l(entry8b.o)
    0x08000190   0x08000190   0x00000008   Code   RO         5641    .ARM.Collect$$$$0000000B  mc_w.l(entry9a.o)
    0x08000198   0x08000198   0x00000000   Code   RO         5643    .ARM.Collect$$$$0000000D  mc_w.l(entry10a.o)
    0x08000198   0x08000198   0x00000000   Code   RO         5645    .ARM.Collect$$$$0000000F  mc_w.l(entry11a.o)
    0x08000198   0x08000198   0x00000004   Code   RO         5634    .ARM.Collect$$$$00002712  mc_w.l(entry2.o)
    0x0800019c   0x0800019c   0x000000be   Code   RO         4768    .emb_text           port.o
    0x0800025a   0x0800025a   0x00000002   PAD
    0x0800025c   0x0800025c   0x00000024   Code   RO            4    .text               startup_stm32f407xx.o
    0x08000280   0x08000280   0x00000062   Code   RO         5562    .text               mc_w.l(uldiv.o)
    0x080002e2   0x080002e2   0x00000024   Code   RO         5564    .text               mc_w.l(memcpya.o)
    0x08000306   0x08000306   0x00000024   Code   RO         5568    .text               mc_w.l(memseta.o)
    0x0800032a   0x0800032a   0x0000014e   Code   RO         5572    .text               mf_w.l(dadd.o)
    0x08000478   0x08000478   0x000000e4   Code   RO         5574    .text               mf_w.l(dmul.o)
    0x0800055c   0x0800055c   0x000000de   Code   RO         5576    .text               mf_w.l(ddiv.o)
    0x0800063a   0x0800063a   0x00000022   Code   RO         5580    .text               mf_w.l(dflti.o)
    0x0800065c   0x0800065c   0x0000001a   Code   RO         5582    .text               mf_w.l(dfltui.o)
    0x08000676   0x08000676   0x0000003e   Code   RO         5584    .text               mf_w.l(dfixi.o)
    0x080006b4   0x080006b4   0x00000032   Code   RO         5586    .text               mf_w.l(dfixui.o)
    0x080006e6   0x080006e6   0x00000002   PAD
    0x080006e8   0x080006e8   0x00000030   Code   RO         5590    .text               mf_w.l(cdcmple.o)
    0x08000718   0x08000718   0x00000030   Code   RO         5592    .text               mf_w.l(cdrcmple.o)
    0x08000748   0x08000748   0x00000038   Code   RO         5594    .text               mf_w.l(d2f.o)
    0x08000780   0x08000780   0x0000001e   Code   RO         5647    .text               mc_w.l(llshl.o)
    0x0800079e   0x0800079e   0x00000020   Code   RO         5649    .text               mc_w.l(llushr.o)
    0x080007be   0x080007be   0x00000024   Code   RO         5651    .text               mc_w.l(llsshr.o)
    0x080007e2   0x080007e2   0x00000000   Code   RO         5660    .text               mc_w.l(iusefp.o)
    0x080007e2   0x080007e2   0x0000006e   Code   RO         5661    .text               mf_w.l(fepilogue.o)
    0x08000850   0x08000850   0x000000ba   Code   RO         5663    .text               mf_w.l(depilogue.o)
    0x0800090a   0x0800090a   0x0000002e   Code   RO         5665    .text               mf_w.l(dscalb.o)
    0x08000938   0x08000938   0x00000024   Code   RO         5667    .text               mc_w.l(init.o)
    0x0800095c   0x0800095c   0x000000a2   Code   RO         5669    .text               mf_w.l(dsqrt.o)
    0x080009fe   0x080009fe   0x00000056   Code   RO         5679    .text               mc_w.l(__dczerorl2.o)
    0x08000a54   0x08000a54   0x00000038   Code   RO         5475    i.BSP_Init          board.o
    0x08000a8c   0x08000a8c   0x00000002   Code   RO          624    i.BusFault_Handler  stm32f4xx_it.o
    0x08000a8e   0x08000a8e   0x00000002   PAD
    0x08000a90   0x08000a90   0x000003fc   Code   RO         5295    i.Change_MS5803     ms5803.o
    0x08000e8c   0x08000e8c   0x000000ac   Code   RO         4848    i.ControlTask_Function  controltask.o
    0x08000f38   0x08000f38   0x0000002c   Code   RO         5420    i.DHT11_Mode_Out_PP  dht11.o
    0x08000f64   0x08000f64   0x00000038   Code   RO         5421    i.DHT11_Read_Data   dht11.o
    0x08000f9c   0x08000f9c   0x00000010   Code   RO         5423    i.DHT11_init        dht11.o
    0x08000fac   0x08000fac   0x0000000c   Code   RO          625    i.DMA1_Stream0_IRQHandler  stm32f4xx_it.o
    0x08000fb8   0x08000fb8   0x0000000c   Code   RO          626    i.DMA1_Stream2_IRQHandler  stm32f4xx_it.o
    0x08000fc4   0x08000fc4   0x0000000c   Code   RO          627    i.DMA1_Stream5_IRQHandler  stm32f4xx_it.o
    0x08000fd0   0x08000fd0   0x00000028   Code   RO         1246    i.DMA_CalcBaseAndBitshift  stm32f4xx_hal_dma.o
    0x08000ff8   0x08000ff8   0x00000054   Code   RO         1247    i.DMA_CheckFifoParam  stm32f4xx_hal_dma.o
    0x0800104c   0x0800104c   0x00000028   Code   RO         1248    i.DMA_SetConfig     stm32f4xx_hal_dma.o
    0x08001074   0x08001074   0x00000002   Code   RO          628    i.DebugMon_Handler  stm32f4xx_it.o
    0x08001076   0x08001076   0x00000002   Code   RO           13    i.Error_Handler     main.o
    0x08001078   0x08001078   0x00000024   Code   RO         5296    i.Get_Pressure      ms5803.o
    0x0800109c   0x0800109c   0x0000008e   Code   RO         1249    i.HAL_DMA_Abort     stm32f4xx_hal_dma.o
    0x0800112a   0x0800112a   0x00000024   Code   RO         1250    i.HAL_DMA_Abort_IT  stm32f4xx_hal_dma.o
    0x0800114e   0x0800114e   0x00000002   PAD
    0x08001150   0x08001150   0x000001a0   Code   RO         1254    i.HAL_DMA_IRQHandler  stm32f4xx_hal_dma.o
    0x080012f0   0x080012f0   0x000000d4   Code   RO         1255    i.HAL_DMA_Init      stm32f4xx_hal_dma.o
    0x080013c4   0x080013c4   0x0000006e   Code   RO         1259    i.HAL_DMA_Start_IT  stm32f4xx_hal_dma.o
    0x08001432   0x08001432   0x00000002   PAD
    0x08001434   0x08001434   0x00000024   Code   RO         1668    i.HAL_Delay         stm32f4xx_hal.o
    0x08001458   0x08001458   0x000001b8   Code   RO         1142    i.HAL_GPIO_Init     stm32f4xx_hal_gpio.o
    0x08001610   0x08001610   0x0000000a   Code   RO         1144    i.HAL_GPIO_ReadPin  stm32f4xx_hal_gpio.o
    0x0800161a   0x0800161a   0x0000000a   Code   RO         1146    i.HAL_GPIO_WritePin  stm32f4xx_hal_gpio.o
    0x08001624   0x08001624   0x0000000c   Code   RO         1674    i.HAL_GetTick       stm32f4xx_hal.o
    0x08001630   0x08001630   0x00000052   Code   RO         1919    i.HAL_IWDG_Init     stm32f4xx_hal_iwdg.o
    0x08001682   0x08001682   0x0000000c   Code   RO         1920    i.HAL_IWDG_Refresh  stm32f4xx_hal_iwdg.o
    0x0800168e   0x0800168e   0x00000002   PAD
    0x08001690   0x08001690   0x00000010   Code   RO         1680    i.HAL_IncTick       stm32f4xx_hal.o
    0x080016a0   0x080016a0   0x00000034   Code   RO         1681    i.HAL_Init          stm32f4xx_hal.o
    0x080016d4   0x080016d4   0x00000074   Code   RO          748    i.HAL_InitTick      stm32f4xx_hal_timebase_tim.o
    0x08001748   0x08001748   0x00000030   Code   RO          724    i.HAL_MspInit       stm32f4xx_hal_msp.o
    0x08001778   0x08001778   0x0000001a   Code   RO         1531    i.HAL_NVIC_EnableIRQ  stm32f4xx_hal_cortex.o
    0x08001792   0x08001792   0x00000002   PAD
    0x08001794   0x08001794   0x00000040   Code   RO         1537    i.HAL_NVIC_SetPriority  stm32f4xx_hal_cortex.o
    0x080017d4   0x080017d4   0x00000024   Code   RO         1538    i.HAL_NVIC_SetPriorityGrouping  stm32f4xx_hal_cortex.o
    0x080017f8   0x080017f8   0x00000134   Code   RO          788    i.HAL_RCC_ClockConfig  stm32f4xx_hal_rcc.o
    0x0800192c   0x0800192c   0x00000040   Code   RO          792    i.HAL_RCC_GetClockConfig  stm32f4xx_hal_rcc.o
    0x0800196c   0x0800196c   0x00000020   Code   RO          795    i.HAL_RCC_GetPCLK1Freq  stm32f4xx_hal_rcc.o
    0x0800198c   0x0800198c   0x00000020   Code   RO          796    i.HAL_RCC_GetPCLK2Freq  stm32f4xx_hal_rcc.o
    0x080019ac   0x080019ac   0x00000060   Code   RO          797    i.HAL_RCC_GetSysClockFreq  stm32f4xx_hal_rcc.o
    0x08001a0c   0x08001a0c   0x0000035c   Code   RO          800    i.HAL_RCC_OscConfig  stm32f4xx_hal_rcc.o
    0x08001d68   0x08001d68   0x00000080   Code   RO         1960    i.HAL_SPI_Init      stm32f4xx_hal_spi.o
    0x08001de8   0x08001de8   0x00000068   Code   RO          439    i.HAL_SPI_MspInit   spi.o
    0x08001e50   0x08001e50   0x000001e2   Code   RO         1969    i.HAL_SPI_TransmitReceive  stm32f4xx_hal_spi.o
    0x08002032   0x08002032   0x00000002   Code   RO         2948    i.HAL_TIMEx_BreakCallback  stm32f4xx_hal_tim_ex.o
    0x08002034   0x08002034   0x00000002   Code   RO         2949    i.HAL_TIMEx_CommutCallback  stm32f4xx_hal_tim_ex.o
    0x08002036   0x08002036   0x00000002   PAD
    0x08002038   0x08002038   0x00000090   Code   RO         2966    i.HAL_TIMEx_MasterConfigSynchronization  stm32f4xx_hal_tim_ex.o
    0x080020c8   0x080020c8   0x00000036   Code   RO         2273    i.HAL_TIM_Base_Init  stm32f4xx_hal_tim.o
    0x080020fe   0x080020fe   0x00000002   PAD
    0x08002100   0x08002100   0x00000028   Code   RO          481    i.HAL_TIM_Base_MspInit  tim.o
    0x08002128   0x08002128   0x00000022   Code   RO         2278    i.HAL_TIM_Base_Start_IT  stm32f4xx_hal_tim.o
    0x0800214a   0x0800214a   0x000000d6   Code   RO         2282    i.HAL_TIM_ConfigClockSource  stm32f4xx_hal_tim.o
    0x08002220   0x08002220   0x00000002   Code   RO         2302    i.HAL_TIM_IC_CaptureCallback  stm32f4xx_hal_tim.o
    0x08002222   0x08002222   0x00000166   Code   RO         2316    i.HAL_TIM_IRQHandler  stm32f4xx_hal_tim.o
    0x08002388   0x08002388   0x000000cc   Code   RO          482    i.HAL_TIM_MspPostInit  tim.o
    0x08002454   0x08002454   0x00000002   Code   RO         2319    i.HAL_TIM_OC_DelayElapsedCallback  stm32f4xx_hal_tim.o
    0x08002456   0x08002456   0x000000d0   Code   RO         2340    i.HAL_TIM_PWM_ConfigChannel  stm32f4xx_hal_tim.o
    0x08002526   0x08002526   0x00000036   Code   RO         2343    i.HAL_TIM_PWM_Init  stm32f4xx_hal_tim.o
    0x0800255c   0x0800255c   0x00000058   Code   RO          484    i.HAL_TIM_PWM_MspInit  tim.o
    0x080025b4   0x080025b4   0x00000002   Code   RO         2346    i.HAL_TIM_PWM_PulseFinishedCallback  stm32f4xx_hal_tim.o
    0x080025b6   0x080025b6   0x00000002   PAD
    0x080025b8   0x080025b8   0x00000044   Code   RO         2348    i.HAL_TIM_PWM_Start  stm32f4xx_hal_tim.o
    0x080025fc   0x080025fc   0x00000014   Code   RO           14    i.HAL_TIM_PeriodElapsedCallback  main.o
    0x08002610   0x08002610   0x00000002   Code   RO         2359    i.HAL_TIM_TriggerCallback  stm32f4xx_hal_tim.o
    0x08002612   0x08002612   0x00000058   Code   RO         3218    i.HAL_UART_DMAStop  stm32f4xx_hal_uart.o
    0x0800266a   0x0800266a   0x00000002   Code   RO         3220    i.HAL_UART_ErrorCallback  stm32f4xx_hal_uart.o
    0x0800266c   0x0800266c   0x00000114   Code   RO         3223    i.HAL_UART_IRQHandler  stm32f4xx_hal_uart.o
    0x08002780   0x08002780   0x00000062   Code   RO         3224    i.HAL_UART_Init     stm32f4xx_hal_uart.o
    0x080027e2   0x080027e2   0x00000002   PAD
    0x080027e4   0x080027e4   0x00000248   Code   RO          559    i.HAL_UART_MspInit  usart.o
    0x08002a2c   0x08002a2c   0x00000098   Code   RO         3228    i.HAL_UART_Receive_DMA  stm32f4xx_hal_uart.o
    0x08002ac4   0x08002ac4   0x00000002   Code   RO         3230    i.HAL_UART_RxCpltCallback  stm32f4xx_hal_uart.o
    0x08002ac6   0x08002ac6   0x00000002   Code   RO         3231    i.HAL_UART_RxHalfCpltCallback  stm32f4xx_hal_uart.o
    0x08002ac8   0x08002ac8   0x00000002   Code   RO         3235    i.HAL_UART_TxCpltCallback  stm32f4xx_hal_uart.o
    0x08002aca   0x08002aca   0x00000002   Code   RO          629    i.HardFault_Handler  stm32f4xx_it.o
    0x08002acc   0x08002acc   0x00000084   Code   RO         5370    i.IMU_ReadData      imu.o
    0x08002b50   0x08002b50   0x0000004c   Code   RO         4950    i.ImuTask_Function  imutask.o
    0x08002b9c   0x08002b9c   0x00000204   Code   RO         5371    i.Imu_Data_unpack   imu.o
    0x08002da0   0x08002da0   0x00000064   Code   RO         5372    i.Imu_Rec_IDLE_Fun  imu.o
    0x08002e04   0x08002e04   0x000000e0   Code   RO         5297    i.MS5803_Read_Sometimes  ms5803.o
    0x08002ee4   0x08002ee4   0x000001d8   Code   RO         5298    i.MS5803aInit       ms5803.o
    0x080030bc   0x080030bc   0x0000004c   Code   RO          384    i.MX_DMA_Init       dma.o
    0x08003108   0x08003108   0x00000084   Code   RO          303    i.MX_FREERTOS_Init  freertos.o
    0x0800318c   0x0800318c   0x00000100   Code   RO          276    i.MX_GPIO_Init      gpio.o
    0x0800328c   0x0800328c   0x0000002c   Code   RO          408    i.MX_IWDG_Init      iwdg.o
    0x080032b8   0x080032b8   0x00000044   Code   RO          440    i.MX_SPI1_Init      spi.o
    0x080032fc   0x080032fc   0x00000068   Code   RO          485    i.MX_TIM1_Init      tim.o
    0x08003364   0x08003364   0x00000080   Code   RO          486    i.MX_TIM2_Init      tim.o
    0x080033e4   0x080033e4   0x000000a0   Code   RO          487    i.MX_TIM3_Init      tim.o
    0x08003484   0x08003484   0x000000a0   Code   RO          488    i.MX_TIM4_Init      tim.o
    0x08003524   0x08003524   0x00000038   Code   RO          560    i.MX_UART4_Init     usart.o
    0x0800355c   0x0800355c   0x00000038   Code   RO          561    i.MX_UART5_Init     usart.o
    0x08003594   0x08003594   0x00000038   Code   RO          562    i.MX_USART1_UART_Init  usart.o
    0x080035cc   0x080035cc   0x00000038   Code   RO          563    i.MX_USART2_UART_Init  usart.o
    0x08003604   0x08003604   0x00000002   Code   RO          630    i.MemManage_Handler  stm32f4xx_it.o
    0x08003606   0x08003606   0x00000002   PAD
    0x08003608   0x08003608   0x00000098   Code   RO         4889    i.MessageTask_Function  messagetask.o
    0x080036a0   0x080036a0   0x00000030   Code   RO         5123    i.Move_Left_Ctrl    control.o
    0x080036d0   0x080036d0   0x00000030   Code   RO         5124    i.Move_Right_Ctrl   control.o
    0x08003700   0x08003700   0x0000012c   Code   RO         5010    i.NLPID_Init        pid.o
    0x0800382c   0x0800382c   0x00000002   Code   RO          631    i.NMI_Handler       stm32f4xx_it.o
    0x0800382e   0x0800382e   0x00000002   PAD
    0x08003830   0x08003830   0x00000030   Code   RO         5212    i.Openmv1_Init      openmv1.o
    0x08003860   0x08003860   0x00000064   Code   RO         5213    i.Openmv1_Rec_IDLE_Fun  openmv1.o
    0x080038c4   0x080038c4   0x0000003c   Code   RO         5254    i.Openmv2_Init      openmv2.o
    0x08003900   0x08003900   0x00000060   Code   RO         5255    i.Openmv2_Rec_IDLE_Fun  openmv2.o
    0x08003960   0x08003960   0x00000048   Code   RO         5012    i.PID_Init          pid.o
    0x080039a8   0x080039a8   0x000000da   Code   RO         5013    i.PID_Inner_Calculate  pid.o
    0x08003a82   0x08003a82   0x0000005a   Code   RO         5014    i.PID_Param_Init    pid.o
    0x08003adc   0x08003adc   0x00000038   Code   RO         4979    i.PressureTask_Function  pressuretask.o
    0x08003b14   0x08003b14   0x00000068   Code   RO         5424    i.Read_Byte         dht11.o
    0x08003b7c   0x08003b7c   0x000000b8   Code   RO         5425    i.Read_DHT11        dht11.o
    0x08003c34   0x08003c34   0x0000007c   Code   RO         5299    i.Read_P            ms5803.o
    0x08003cb0   0x08003cb0   0x0000007c   Code   RO         5300    i.Read_T            ms5803.o
    0x08003d2c   0x08003d2c   0x00000058   Code   RO         1998    i.SPI_EndRxTxTransaction  stm32f4xx_hal_spi.o
    0x08003d84   0x08003d84   0x00000094   Code   RO         2003    i.SPI_WaitFlagStateUntilTimeout  stm32f4xx_hal_spi.o
    0x08003e18   0x08003e18   0x0000002c   Code   RO         5301    i.SPI_treatment     ms5803.o
    0x08003e44   0x08003e44   0x0000002c   Code   RO         5302    i.SPIxReadWriteByte  ms5803.o
    0x08003e70   0x08003e70   0x00000030   Code   RO         4923    i.SensorTask_Function  sensortask.o
    0x08003ea0   0x08003ea0   0x0000002c   Code   RO         4769    i.SysTick_Handler   port.o
    0x08003ecc   0x08003ecc   0x00000088   Code   RO           15    i.SystemClock_Config  main.o
    0x08003f54   0x08003f54   0x0000001c   Code   RO         3526    i.SystemInit        system_stm32f4xx.o
    0x08003f70   0x08003f70   0x0000000c   Code   RO          632    i.TIM7_IRQHandler   stm32f4xx_it.o
    0x08003f7c   0x08003f7c   0x000000c8   Code   RO         2361    i.TIM_Base_SetConfig  stm32f4xx_hal_tim.o
    0x08004044   0x08004044   0x0000001a   Code   RO         2362    i.TIM_CCxChannelCmd  stm32f4xx_hal_tim.o
    0x0800405e   0x0800405e   0x00000014   Code   RO         2372    i.TIM_ETR_SetConfig  stm32f4xx_hal_tim.o
    0x08004072   0x08004072   0x00000010   Code   RO         2373    i.TIM_ITRx_SetConfig  stm32f4xx_hal_tim.o
    0x08004082   0x08004082   0x00000002   PAD
    0x08004084   0x08004084   0x00000060   Code   RO         2374    i.TIM_OC1_SetConfig  stm32f4xx_hal_tim.o
    0x080040e4   0x080040e4   0x0000006c   Code   RO         2375    i.TIM_OC2_SetConfig  stm32f4xx_hal_tim.o
    0x08004150   0x08004150   0x00000068   Code   RO         2376    i.TIM_OC3_SetConfig  stm32f4xx_hal_tim.o
    0x080041b8   0x080041b8   0x00000050   Code   RO         2377    i.TIM_OC4_SetConfig  stm32f4xx_hal_tim.o
    0x08004208   0x08004208   0x00000022   Code   RO         2379    i.TIM_TI1_ConfigInputStage  stm32f4xx_hal_tim.o
    0x0800422a   0x0800422a   0x00000024   Code   RO         2381    i.TIM_TI2_ConfigInputStage  stm32f4xx_hal_tim.o
    0x0800424e   0x0800424e   0x00000002   PAD
    0x08004250   0x08004250   0x0000005c   Code   RO         5476    i.Task_Queue_Semaphore_Timers_Create  board.o
    0x080042ac   0x080042ac   0x00000018   Code   RO          633    i.UART4_IRQHandler  stm32f4xx_it.o
    0x080042c4   0x080042c4   0x00000018   Code   RO          634    i.UART5_IRQHandler  stm32f4xx_it.o
    0x080042dc   0x080042dc   0x00000010   Code   RO         3237    i.UART_DMAAbortOnError  stm32f4xx_hal_uart.o
    0x080042ec   0x080042ec   0x0000004a   Code   RO         3238    i.UART_DMAError     stm32f4xx_hal_uart.o
    0x08004336   0x08004336   0x0000003c   Code   RO         3239    i.UART_DMAReceiveCplt  stm32f4xx_hal_uart.o
    0x08004372   0x08004372   0x0000000a   Code   RO         3241    i.UART_DMARxHalfCplt  stm32f4xx_hal_uart.o
    0x0800437c   0x0800437c   0x0000001c   Code   RO         3247    i.UART_EndRxTransfer  stm32f4xx_hal_uart.o
    0x08004398   0x08004398   0x00000012   Code   RO         3248    i.UART_EndTxTransfer  stm32f4xx_hal_uart.o
    0x080043aa   0x080043aa   0x00000096   Code   RO         3249    i.UART_Receive_IT   stm32f4xx_hal_uart.o
    0x08004440   0x08004440   0x00000128   Code   RO         3250    i.UART_SetConfig    stm32f4xx_hal_uart.o
    0x08004568   0x08004568   0x00000062   Code   RO         3251    i.UART_Transmit_IT  stm32f4xx_hal_uart.o
    0x080045ca   0x080045ca   0x00000002   PAD
    0x080045cc   0x080045cc   0x00000018   Code   RO          635    i.USART2_IRQHandler  stm32f4xx_it.o
    0x080045e4   0x080045e4   0x0000004c   Code   RO         5477    i.USER_UART_IRQHandler  board.o
    0x08004630   0x08004630   0x00000002   Code   RO          636    i.UsageFault_Handler  stm32f4xx_it.o
    0x08004632   0x08004632   0x00000030   Code   RO         5616    i.__ARM_fpclassify  m_wm.l(fpclassify.o)
    0x08004662   0x08004662   0x00000020   Code   RO         1544    i.__NVIC_SetPriority  stm32f4xx_hal_cortex.o
    0x08004682   0x08004682   0x00000006   PAD
    0x08004688   0x08004688   0x00000c50   Code   RO         5545    i.__hardfp_pow      m_wm.l(pow.o)
    0x080052d8   0x080052d8   0x000000f8   Code   RO         5618    i.__kernel_poly     m_wm.l(poly.o)
    0x080053d0   0x080053d0   0x00000030   Code   RO         5596    i.__mathlib_dbl_divzero  m_wm.l(dunder.o)
    0x08005400   0x08005400   0x00000014   Code   RO         5598    i.__mathlib_dbl_infnan2  m_wm.l(dunder.o)
    0x08005414   0x08005414   0x00000004   PAD
    0x08005418   0x08005418   0x00000020   Code   RO         5599    i.__mathlib_dbl_invalid  m_wm.l(dunder.o)
    0x08005438   0x08005438   0x00000020   Code   RO         5600    i.__mathlib_dbl_overflow  m_wm.l(dunder.o)
    0x08005458   0x08005458   0x00000020   Code   RO         5602    i.__mathlib_dbl_underflow  m_wm.l(dunder.o)
    0x08005478   0x08005478   0x0000000e   Code   RO         5673    i.__scatterload_copy  mc_w.l(handlers.o)
    0x08005486   0x08005486   0x00000002   Code   RO         5674    i.__scatterload_null  mc_w.l(handlers.o)
    0x08005488   0x08005488   0x0000000e   Code   RO         5675    i.__scatterload_zeroinit  mc_w.l(handlers.o)
    0x08005496   0x08005496   0x00000002   PAD
    0x08005498   0x08005498   0x0000000c   Code   RO         5655    i.__set_errno       mc_w.l(errno.o)
    0x080054a4   0x080054a4   0x0000001e   Code   RO         5478    i.delay_ms          board.o
    0x080054c2   0x080054c2   0x00000010   Code   RO         5479    i.delay_sys_us      board.o
    0x080054d2   0x080054d2   0x00000018   Code   RO         5612    i.fabs              m_wm.l(fabs.o)
    0x080054ea   0x080054ea   0x00000002   PAD
    0x080054ec   0x080054ec   0x0000001c   Code   RO         5480    i.getRunTime        board.o
    0x08005508   0x08005508   0x0000002c   Code   RO         5373    i.imu_init          imu.o
    0x08005534   0x08005534   0x0000004e   Code   RO           16    i.main              main.o
    0x08005582   0x08005582   0x0000000c   Code   RO         4340    i.makeFreeRtosPriority  cmsis_os.o
    0x0800558e   0x0800558e   0x0000000e   Code   RO         4342    i.osDelay           cmsis_os.o
    0x0800559c   0x0800559c   0x0000000a   Code   RO         4345    i.osKernelStart     cmsis_os.o
    0x080055a6   0x080055a6   0x00000054   Code   RO         4379    i.osThreadCreate    cmsis_os.o
    0x080055fa   0x080055fa   0x00000002   PAD
    0x080055fc   0x080055fc   0x00000070   Code   RO         4028    i.prvAddCurrentTaskToDelayedList  tasks.o
    0x0800566c   0x0800566c   0x000000d0   Code   RO         4029    i.prvAddNewTaskToReadyList  tasks.o
    0x0800573c   0x0800573c   0x00000026   Code   RO         3704    i.prvCopyDataFromQueue  queue.o
    0x08005762   0x08005762   0x0000006c   Code   RO         3705    i.prvCopyDataToQueue  queue.o
    0x080057ce   0x080057ce   0x00000034   Code   RO         4030    i.prvDeleteTCB      tasks.o
    0x08005802   0x08005802   0x00000002   PAD
    0x08005804   0x08005804   0x00000048   Code   RO         4707    i.prvHeapInit       heap_4.o
    0x0800584c   0x0800584c   0x00000060   Code   RO         4031    i.prvIdleTask       tasks.o
    0x080058ac   0x080058ac   0x00000016   Code   RO         3707    i.prvInitialiseNewQueue  queue.o
    0x080058c2   0x080058c2   0x00000098   Code   RO         4032    i.prvInitialiseNewTask  tasks.o
    0x0800595a   0x0800595a   0x00000002   PAD
    0x0800595c   0x0800595c   0x0000004c   Code   RO         4708    i.prvInsertBlockIntoFreeList  heap_4.o
    0x080059a8   0x080059a8   0x0000001c   Code   RO         3708    i.prvIsQueueEmpty   queue.o
    0x080059c4   0x080059c4   0x00000020   Code   RO         4033    i.prvResetNextTaskUnblockTime  tasks.o
    0x080059e4   0x080059e4   0x00000028   Code   RO         4770    i.prvTaskExitError  port.o
    0x08005a0c   0x08005a0c   0x0000006a   Code   RO         3709    i.prvUnlockQueue    queue.o
    0x08005a76   0x08005a76   0x00000002   PAD
    0x08005a78   0x08005a78   0x000000d8   Code   RO         4709    i.pvPortMalloc      heap_4.o
    0x08005b50   0x08005b50   0x0000011c   Code   RO         5095    i.pwm_init          pwm.o
    0x08005c6c   0x08005c6c   0x0000002c   Code   RO         4771    i.pxPortInitialiseStack  port.o
    0x08005c98   0x08005c98   0x0000006e   Code   RO         5623    i.sqrt              m_wm.l(sqrt.o)
    0x08005d06   0x08005d06   0x00000026   Code   RO         3664    i.uxListRemove      list.o
    0x08005d2c   0x08005d2c   0x00000014   Code   RO          307    i.vApplicationGetIdleTaskMemory  freertos.o
    0x08005d40   0x08005d40   0x00000016   Code   RO         3665    i.vListInitialise   list.o
    0x08005d56   0x08005d56   0x00000006   Code   RO         3666    i.vListInitialiseItem  list.o
    0x08005d5c   0x08005d5c   0x00000030   Code   RO         3667    i.vListInsert       list.o
    0x08005d8c   0x08005d8c   0x00000018   Code   RO         3668    i.vListInsertEnd    list.o
    0x08005da4   0x08005da4   0x00000040   Code   RO         4773    i.vPortEnterCritical  port.o
    0x08005de4   0x08005de4   0x00000028   Code   RO         4774    i.vPortExitCritical  port.o
    0x08005e0c   0x08005e0c   0x0000005c   Code   RO         4710    i.vPortFree         heap_4.o
    0x08005e68   0x08005e68   0x00000024   Code   RO         4775    i.vPortSetupTimerInterrupt  port.o
    0x08005e8c   0x08005e8c   0x00000054   Code   RO         4776    i.vPortValidateInterruptPriority  port.o
    0x08005ee0   0x08005ee0   0x0000004c   Code   RO         4041    i.vTaskDelay        tasks.o
    0x08005f2c   0x08005f2c   0x0000008c   Code   RO         4042    i.vTaskDelayUntil   tasks.o
    0x08005fb8   0x08005fb8   0x00000010   Code   RO         4045    i.vTaskInternalSetTimeOutState  tasks.o
    0x08005fc8   0x08005fc8   0x0000000c   Code   RO         4046    i.vTaskMissedYield  tasks.o
    0x08005fd4   0x08005fd4   0x00000030   Code   RO         4048    i.vTaskPlaceOnEventList  tasks.o
    0x08006004   0x08006004   0x0000006c   Code   RO         4055    i.vTaskStartScheduler  tasks.o
    0x08006070   0x08006070   0x00000010   Code   RO         4057    i.vTaskSuspendAll   tasks.o
    0x08006080   0x08006080   0x0000005c   Code   RO         4058    i.vTaskSwitchContext  tasks.o
    0x080060dc   0x080060dc   0x000000f4   Code   RO         4777    i.xPortStartScheduler  port.o
    0x080061d0   0x080061d0   0x00000048   Code   RO         3718    i.xQueueGenericCreate  queue.o
    0x08006218   0x08006218   0x00000088   Code   RO         3720    i.xQueueGenericReset  queue.o
    0x080062a0   0x080062a0   0x00000160   Code   RO         3721    i.xQueueGenericSend  queue.o
    0x08006400   0x08006400   0x000000bc   Code   RO         3722    i.xQueueGenericSendFromISR  queue.o
    0x080064bc   0x080064bc   0x00000134   Code   RO         3726    i.xQueuePeek        queue.o
    0x080065f0   0x080065f0   0x00000138   Code   RO         3728    i.xQueueReceive     queue.o
    0x08006728   0x08006728   0x00000074   Code   RO         4059    i.xTaskCheckForTimeOut  tasks.o
    0x0800679c   0x0800679c   0x0000005a   Code   RO         4060    i.xTaskCreate       tasks.o
    0x080067f6   0x080067f6   0x00000056   Code   RO         4061    i.xTaskCreateStatic  tasks.o
    0x0800684c   0x0800684c   0x0000001c   Code   RO         4065    i.xTaskGetSchedulerState  tasks.o
    0x08006868   0x08006868   0x0000000c   Code   RO         4066    i.xTaskGetTickCount  tasks.o
    0x08006874   0x08006874   0x000000c8   Code   RO         4068    i.xTaskIncrementTick  tasks.o
    0x0800693c   0x0800693c   0x00000098   Code   RO         4071    i.xTaskPriorityDisinherit  tasks.o
    0x080069d4   0x080069d4   0x00000074   Code   RO         4073    i.xTaskRemoveFromEventList  tasks.o
    0x08006a48   0x08006a48   0x000000c4   Code   RO         4074    i.xTaskResumeAll    tasks.o
    0x08006b0c   0x08006b0c   0x0000008c   Data   RO          309    .constdata          freertos.o
    0x08006b98   0x08006b98   0x00000008   Data   RO         1261    .constdata          stm32f4xx_hal_dma.o
    0x08006ba0   0x08006ba0   0x00000010   Data   RO         3527    .constdata          system_stm32f4xx.o
    0x08006bb0   0x08006bb0   0x00000008   Data   RO         3528    .constdata          system_stm32f4xx.o
    0x08006bb8   0x08006bb8   0x00000088   Data   RO         5548    .constdata          m_wm.l(pow.o)
    0x08006c40   0x08006c40   0x00000008   Data   RO         5620    .constdata          m_wm.l(qnan.o)
    0x08006c48   0x08006c48   0x0000003c   Data   RO          310    .conststring        freertos.o
    0x08006c84   0x08006c84   0x00000020   Data   RO         5671    Region$$Table       anon$$obj.o


    Execution Region RW_IRAM2 (Exec base: 0x10000000, Load base: 0x08006ce0, Size: 0x00000000, Max: 0x00010000, ABSOLUTE)

    **** No section assigned to this execution region ****


    Execution Region RW_IRAM1 (Exec base: 0x20000000, Load base: 0x08006ca4, Size: 0x0000d630, Max: 0x00020000, ABSOLUTE, COMPRESSED[0x0000003c])

    Exec Addr    Load Addr    Size         Type   Attr      Idx    E Section Name        Object

    0x20000000   COMPRESSED   0x00000014   Data   RW          311    .data               freertos.o
    0x20000014   COMPRESSED   0x0000000c   Data   RW         1688    .data               stm32f4xx_hal.o
    0x20000020   COMPRESSED   0x00000004   Data   RW         3529    .data               system_stm32f4xx.o
    0x20000024   COMPRESSED   0x0000003c   Data   RW         4077    .data               tasks.o
    0x20000060   COMPRESSED   0x00000018   Data   RW         4715    .data               heap_4.o
    0x20000078   COMPRESSED   0x0000000c   Data   RW         4778    .data               port.o
    0x20000084   COMPRESSED   0x00000014   Data   RW         4849    .data               controltask.o
    0x20000098   COMPRESSED   0x00000004   Data   RW         4951    .data               imutask.o
    0x2000009c   COMPRESSED   0x000000dc   Data   RW         5021    .data               pid.o
    0x20000178   COMPRESSED   0x00000004   Data   RW         5216    .data               openmv1.o
    0x2000017c   COMPRESSED   0x00000004   Data   RW         5257    .data               openmv2.o
    0x20000180   COMPRESSED   0x00000030   Data   RW         5305    .data               ms5803.o
    0x200001b0   COMPRESSED   0x00000004   Data   RW         5375    .data               imu.o
    0x200001b4   COMPRESSED   0x00000010   Data   RW         5426    .data               dht11.o
    0x200001c4   COMPRESSED   0x00000014   Data   RW         5483    .data               board.o
    0x200001d8   COMPRESSED   0x00000004   Data   RW         5656    .data               mc_w.l(errno.o)
    0x200001dc        -       0x00000254   Zero   RW          308    .bss                freertos.o
    0x20000430        -       0x0000000c   Zero   RW          409    .bss                iwdg.o
    0x2000043c        -       0x00000058   Zero   RW          441    .bss                spi.o
    0x20000494        -       0x00000100   Zero   RW          489    .bss                tim.o
    0x20000594        -       0x00000220   Zero   RW          565    .bss                usart.o
    0x200007b4        -       0x00000040   Zero   RW          751    .bss                stm32f4xx_hal_timebase_tim.o
    0x200007f4        -       0x000000f0   Zero   RW         4076    .bss                tasks.o
    0x200008e4        -       0x0000c350   Zero   RW         4714    .bss                heap_4.o
    0x2000cc34        -       0x00000058   Zero   RW         4890    .bss                messagetask.o
    0x2000cc8c        -       0x00000040   Zero   RW         4980    .bss                pressuretask.o
    0x2000cccc        -       0x00000284   Zero   RW         5020    .bss                pid.o
    0x2000cf50        -       0x00000021   Zero   RW         5214    .bss                openmv1.o
    0x2000cf71   COMPRESSED   0x00000001   PAD
    0x2000cf72        -       0x00000116   Zero   RW         5256    .bss                openmv2.o
    0x2000d088        -       0x00000020   Zero   RW         5304    .bss                ms5803.o
    0x2000d0a8        -       0x00000151   Zero   RW         5374    .bss                imu.o
    0x2000d1f9   COMPRESSED   0x00000003   PAD
    0x2000d1fc        -       0x00000018   Zero   RW         5481    .bss                board.o
    0x2000d214        -       0x00000018   Zero   RW         5482    .bss                board.o
    0x2000d22c   COMPRESSED   0x00000004   PAD
    0x2000d230        -       0x00000400   Zero   RW            1    STACK               startup_stm32f407xx.o


==============================================================================

Image component sizes


      Code (inc. data)   RO Data    RW Data    ZI Data      Debug   Object Name

       298         40          0         20         48       4370   board.o
       120          0          0          0          0      23341   cmsis_os.o
        96         16          0          0          0       1043   control.o
       172         34          0         20          0       1356   controltask.o
       404         28          0         16          0       3645   dht11.o
        76          4          0          0          0        838   dma.o
         0          0          0          0          0      18944   event_groups.o
       152         14        200         20        596       7005   freertos.o
       256         18          0          0          0       1143   gpio.o
       456         22          0         24      50000       7479   heap_4.o
       792         68          0          4        337       4160   imu.o
        76         18          0          4          0        791   imutask.o
        44          8          0          0         12        767   iwdg.o
       138          0          0          0          0       3678   list.o
       236         14          0          0          0     725748   main.o
       152         20          0          0         88       2127   messagetask.o
      2088        210          0         48         32       6063   ms5803.o
       148         18          0          4         33       3106   openmv1.o
       156         26          0          4        278       2998   openmv2.o
       680         76          0        220        644       4869   pid.o
       786         82          0         12          0      12193   port.o
        56          8          0          0         64       1644   pressuretask.o
       284         12          0          0          0        719   pwm.o
      1670         20          0          0          0      17151   queue.o
        48          8          0          0          0        578   sensortask.o
       172         20          0          0         88       1777   spi.o
        36          8        392          0       1024        844   startup_stm32f407xx.o
       116         18          0         12          0       8878   stm32f4xx_hal.o
       158         14          0          0          0      33266   stm32f4xx_hal_cortex.o
      1080         16          8          0          0       7554   stm32f4xx_hal_dma.o
       460         46          0          0          0       3151   stm32f4xx_hal_gpio.o
        94          0          0          0          0       1823   stm32f4xx_hal_iwdg.o
        48          6          0          0          0        902   stm32f4xx_hal_msp.o
      1392         82          0          0          0       6045   stm32f4xx_hal_rcc.o
       846          8          0          0          0       4849   stm32f4xx_hal_spi.o
      1718         90          0          0          0      16484   stm32f4xx_hal_tim.o
       148         28          0          0          0       2545   stm32f4xx_hal_tim_ex.o
       116         16          0          0         64       1491   stm32f4xx_hal_timebase_tim.o
      1372         30          0          0          0      12439   stm32f4xx_hal_uart.o
       132         42          0          0          0       6515   stm32f4xx_it.o
         0          0          0          0          0        392   stream_buffer.o
        28          6         24          4          0       1227   system_stm32f4xx.o
      2156        162          0         60        240      27412   tasks.o
       884         82          0          0        256       5389   tim.o
       808         72          0          0        544       4368   usart.o

    ----------------------------------------------------------------------
     21192       1510        656        472      54356    1003107   Object Totals
         0          0         32          0          0          0   (incl. Generated)
        44          0          0          0          8          0   (incl. Padding)

    ----------------------------------------------------------------------

      Code (inc. data)   RO Data    RW Data    ZI Data      Debug   Library Member Name

       164         44          0          0          0        620   dunder.o
        24          0          0          0          0        124   fabs.o
        48          0          0          0          0        124   fpclassify.o
       248          0          0          0          0        152   poly.o
      3152        296        136          0          0        352   pow.o
         0          0          8          0          0          0   qnan.o
       110          0          0          0          0        148   sqrt.o
        86          0          0          0          0          0   __dczerorl2.o
         0          0          0          0          0          0   entry.o
         0          0          0          0          0          0   entry10a.o
         0          0          0          0          0          0   entry11a.o
         8          4          0          0          0          0   entry2.o
         4          0          0          0          0          0   entry5.o
         0          0          0          0          0          0   entry7b.o
         0          0          0          0          0          0   entry8b.o
         8          4          0          0          0          0   entry9a.o
        12          6          0          4          0         68   errno.o
        30          0          0          0          0          0   handlers.o
        36          8          0          0          0         68   init.o
         0          0          0          0          0          0   iusefp.o
        30          0          0          0          0         68   llshl.o
        36          0          0          0          0         68   llsshr.o
        32          0          0          0          0         68   llushr.o
        36          0          0          0          0         68   memcpya.o
        36          0          0          0          0        108   memseta.o
        98          0          0          0          0         92   uldiv.o
        48          0          0          0          0         68   cdcmple.o
        48          0          0          0          0         68   cdrcmple.o
        56          0          0          0          0         88   d2f.o
       334          0          0          0          0        148   dadd.o
       222          0          0          0          0        100   ddiv.o
       186          0          0          0          0        176   depilogue.o
        62          0          0          0          0         80   dfixi.o
        50          0          0          0          0         76   dfixui.o
        34          0          0          0          0         76   dflti.o
        26          0          0          0          0         76   dfltui.o
       228          0          0          0          0         96   dmul.o
        46          0          0          0          0         80   dscalb.o
       162          0          0          0          0        100   dsqrt.o
       110          0          0          0          0        168   fepilogue.o

    ----------------------------------------------------------------------
      5820        362        144          4          0       3528   Library Totals
        10          0          0          0          0          0   (incl. Padding)

    ----------------------------------------------------------------------

      Code (inc. data)   RO Data    RW Data    ZI Data      Debug   Library Name

      3746        340        144          0          0       1520   m_wm.l
       452         22          0          4          0        608   mc_w.l
      1612          0          0          0          0       1400   mf_w.l

    ----------------------------------------------------------------------
      5820        362        144          4          0       3528   Library Totals

    ----------------------------------------------------------------------

==============================================================================


      Code (inc. data)   RO Data    RW Data    ZI Data      Debug   

     27012       1872        800        476      54356     985579   Grand Totals
     27012       1872        800         60      54356     985579   ELF Image Totals (compressed)
     27012       1872        800         60          0          0   ROM Totals

==============================================================================

    Total RO  Size (Code + RO Data)                27812 (  27.16kB)
    Total RW  Size (RW Data + ZI Data)             54832 (  53.55kB)
    Total ROM Size (Code + RO Data + RW Data)      27872 (  27.22kB)

==============================================================================

